Archive member included to satisfy reference by file (symbol)

platform/libplatform_s.a(system_nrf91.o)
                              secure_fw/CMakeFiles/tfm_s.dir/__/platform/ext/target/nordic_nrf/common/core/startup.o (SystemInit)
secure_fw/partitions/lib/runtime/libtfm_sprt.a(crt_memset.o)
                              c:/ncs/toolchains/c57af46cb7/opt/zephyr-sdk/arm-zephyr-eabi/bin/../lib/gcc/arm-zephyr-eabi/12.2.0/../../../../arm-zephyr-eabi/lib/thumb/v8-m.main/nofp/crt0.o (memset)
secure_fw/partitions/lib/runtime/libtfm_sprt.a(psa_api_ipc.o)
                              secure_fw/CMakeFiles/tfm_s.dir/partitions/ns_agent_tz/psa_api_veneers_v80m.o (psa_framework_version)
secure_fw/partitions/lib/runtime/libtfm_sprt.a(sprt_partition_metadata_indicator.o)
                              secure_fw/partitions/lib/runtime/libtfm_sprt.a(psa_api_ipc.o) (p_partition_metadata)
secure_fw/spm/libtfm_spm.a(utilities.o)
                              secure_fw/CMakeFiles/tfm_s.dir/__/platform/ext/target/nordic_nrf/common/core/startup.o (tfm_core_panic)
secure_fw/spm/libtfm_spm.a(main.o)
                              c:/ncs/toolchains/c57af46cb7/opt/zephyr-sdk/arm-zephyr-eabi/bin/../lib/gcc/arm-zephyr-eabi/12.2.0/../../../../arm-zephyr-eabi/lib/thumb/v8-m.main/nofp/crt0.o (main)
secure_fw/spm/libtfm_spm.a(tfm_core_svcalls_ipc.o)
                              secure_fw/spm/libtfm_spm.a(main.o) (tfm_core_handler_mode)
secure_fw/spm/libtfm_spm.a(tfm_arch_v8m_main.o)
                              secure_fw/spm/libtfm_spm.a(main.o) (tfm_arch_set_secure_exception_priorities)
secure_fw/spm/libtfm_spm.a(ns_agent_tz_v80m.o)
                              secure_fw/CMakeFiles/tfm_s.dir/partitions/ns_agent_tz/load_info_ns_agent_tz.o (ns_agent_tz_main)
secure_fw/spm/libtfm_spm.a(tfm_hal_isolation.o)
                              secure_fw/spm/libtfm_spm.a(main.o) (tfm_hal_set_up_static_boundaries)
secure_fw/spm/libtfm_spm.a(faults.o)
                              secure_fw/CMakeFiles/tfm_s.dir/__/platform/ext/target/nordic_nrf/common/core/startup_nrf91.o (SPU_IRQHandler)
secure_fw/spm/libtfm_spm.a(target_cfg.o)
                              secure_fw/spm/libtfm_spm.a(tfm_hal_isolation.o) (memory_regions)
secure_fw/spm/libtfm_spm.a(tfm_boot_data.o)
                              secure_fw/spm/libtfm_spm.a(main.o) (tfm_core_validate_boot_data)
secure_fw/spm/libtfm_spm.a(tfm_arch.o)
                              secure_fw/spm/libtfm_spm.a(tfm_core_svcalls_ipc.o) (tfm_arch_free_msp_and_exc_ret)
secure_fw/spm/libtfm_spm.a(spm_ipc.o)
                              secure_fw/spm/libtfm_spm.a(tfm_boot_data.o) (tfm_spm_partition_get_running_partition_id)
secure_fw/spm/libtfm_spm.a(spm_cross_call.o)
                              secure_fw/spm/libtfm_spm.a(tfm_arch_v8m_main.o) (cross_call_entering_c)
secure_fw/spm/libtfm_spm.a(rom_loader.o)
                              secure_fw/spm/libtfm_spm.a(spm_ipc.o) (load_a_partition_assuredly)
secure_fw/spm/libtfm_spm.a(psa_api.o)
                              secure_fw/spm/libtfm_spm.a(tfm_core_svcalls_ipc.o) (spm_handle_programmer_errors)
secure_fw/spm/libtfm_spm.a(backend_ipc.o)
                              secure_fw/spm/libtfm_spm.a(spm_ipc.o) (partition_listhead)
secure_fw/spm/libtfm_spm.a(tfm_pools.o)
                              secure_fw/spm/libtfm_spm.a(spm_ipc.o) (tfm_pool_init)
secure_fw/spm/libtfm_spm.a(thread.o)
                              secure_fw/spm/libtfm_spm.a(tfm_boot_data.o) (p_curr_thrd)
secure_fw/spm/libtfm_spm.a(tfm_spm_ns_ctx.o)
                              secure_fw/spm/libtfm_spm.a(spm_ipc.o) (tfm_nspm_get_current_client_id)
secure_fw/spm/libtfm_spm.a(tfm_hal_platform_common.o)
                              secure_fw/spm/libtfm_spm.a(tfm_spm_ns_ctx.o) (tfm_hal_get_ns_VTOR)
secure_fw/partitions/crypto/libtfm_psa_rot_partition_crypto.a(crypto_init.o)
                              secure_fw/CMakeFiles/tfm_s.dir/__/generated/secure_fw/partitions/crypto/auto_generated/load_info_tfm_crypto.o (tfm_crypto_init)
secure_fw/partitions/crypto/libtfm_psa_rot_partition_crypto.a(crypto_alloc.o)
                              secure_fw/partitions/crypto/libtfm_psa_rot_partition_crypto.a(crypto_init.o) (tfm_crypto_init_alloc)
secure_fw/partitions/crypto/libtfm_psa_rot_partition_crypto.a(crypto_cipher.o)
                              secure_fw/partitions/crypto/libtfm_psa_rot_partition_crypto.a(crypto_init.o) (tfm_crypto_cipher_interface)
secure_fw/partitions/crypto/libtfm_psa_rot_partition_crypto.a(crypto_hash.o)
                              secure_fw/partitions/crypto/libtfm_psa_rot_partition_crypto.a(crypto_init.o) (tfm_crypto_hash_interface)
secure_fw/partitions/crypto/libtfm_psa_rot_partition_crypto.a(crypto_mac.o)
                              secure_fw/partitions/crypto/libtfm_psa_rot_partition_crypto.a(crypto_init.o) (tfm_crypto_mac_interface)
secure_fw/partitions/crypto/libtfm_psa_rot_partition_crypto.a(crypto_aead.o)
[...]
Memory Configuration

Name             Origin             Length             Attributes
FLASH            0x0000000000000000 0x0000000000010000 xr
RAM              0x0000000020000000 0x0000000000008000 xrw
*default*        0x0000000000000000 0xffffffffffffffff

Linker script and memory map

LOAD c:/ncs/toolchains/c57af46cb7/opt/zephyr-sdk/arm-zephyr-eabi/bin/../lib/gcc/arm-zephyr-eabi/12.2.0/thumb/v8-m.main/nofp/crti.o
LOAD c:/ncs/toolchains/c57af46cb7/opt/zephyr-sdk/arm-zephyr-eabi/bin/../lib/gcc/arm-zephyr-eabi/12.2.0/thumb/v8-m.main/nofp/crtbegin.o
LOAD c:/ncs/toolchains/c57af46cb7/opt/zephyr-sdk/arm-zephyr-eabi/bin/../lib/gcc/arm-zephyr-eabi/12.2.0/../../../../arm-zephyr-eabi/lib/thumb/v8-m.main/nofp/crt0.o
LOAD secure_fw/CMakeFiles/tfm_s.dir/partitions/ns_agent_tz/psa_api_veneers_v80m.o
LOAD secure_fw/CMakeFiles/tfm_s.dir/__/platform/ext/target/nordic_nrf/common/core/startup.o
LOAD secure_fw/CMakeFiles/tfm_s.dir/__/platform/ext/target/nordic_nrf/common/core/startup_nrf91.o
LOAD secure_fw/CMakeFiles/tfm_s.dir/__/platform/ext/common/faults.o
LOAD secure_fw/CMakeFiles/tfm_s.dir/__/generated/secure_fw/partitions/crypto/auto_generated/load_info_tfm_crypto.o
LOAD secure_fw/CMakeFiles/tfm_s.dir/__/generated/secure_fw/partitions/platform/auto_generated/load_info_tfm_platform.o
LOAD secure_fw/CMakeFiles/tfm_s.dir/partitions/ns_agent_tz/load_info_ns_agent_tz.o
LOAD secure_fw/CMakeFiles/tfm_s.dir/__/platform/ext/common/syscalls_stub.o
LOAD platform/libplatform_s.a
LOAD secure_fw/partitions/lib/runtime/libtfm_sprt.a
LOAD secure_fw/spm/libtfm_spm.a
LOAD secure_fw/partitions/crypto/libtfm_psa_rot_partition_crypto.a
LOAD platform/libplatform_crypto_keys.a
LOAD secure_fw/partitions/crypto/mbedcrypto/nrf_security_src/libcrypto_service_mbedcrypto.a
LOAD secure_fw/partitions/platform/libtfm_psa_rot_partition_platform.a
LOAD platform/libplatform_s.a
LOAD secure_fw/partitions/lib/runtime/libtfm_sprt.a
LOAD secure_fw/spm/libtfm_spm.a
LOAD secure_fw/partitions/crypto/libtfm_psa_rot_partition_crypto.a
LOAD platform/libplatform_crypto_keys.a
LOAD secure_fw/partitions/crypto/mbedcrypto/nrf_security_src/libcrypto_service_mbedcrypto.a
LOAD secure_fw/partitions/platform/libtfm_psa_rot_partition_platform.a
LOAD platform/libplatform_s.a
LOAD secure_fw/partitions/lib/runtime/libtfm_sprt.a
LOAD secure_fw/spm/libtfm_spm.a
LOAD secure_fw/partitions/crypto/libtfm_psa_rot_partition_crypto.a
LOAD platform/libplatform_crypto_keys.a
LOAD secure_fw/partitions/crypto/mbedcrypto/nrf_security_src/libcrypto_service_mbedcrypto.a
LOAD secure_fw/partitions/platform/libtfm_psa_rot_partition_platform.a
LOAD C:/ncs/v2.5.0/nrfxlib/crypto/nrf_cc310_platform/lib/cortex-m33/soft-float/no-interrupts/libnrf_cc310_platform_0.9.18.a
LOAD C:/ncs/v2.5.0/nrfxlib/crypto/nrf_oberon/lib/cortex-m33/soft-float/liboberon_mbedtls_3.0.13.a
LOAD secure_fw/partitions/crypto/mbedcrypto/nrf_security_src/libmbedcrypto_base.a
LOAD C:/ncs/v2.5.0/nrfxlib/crypto/nrf_oberon/lib/cortex-m33/soft-float/liboberon_3.0.13.a
LOAD c:/ncs/toolchains/c57af46cb7/opt/zephyr-sdk/arm-zephyr-eabi/bin/../lib/gcc/arm-zephyr-eabi/12.2.0/../../../../arm-zephyr-eabi/lib/thumb/v8-m.main/nofp\libc_nano.a
START GROUP
LOAD c:/ncs/toolchains/c57af46cb7/opt/zephyr-sdk/arm-zephyr-eabi/bin/../lib/gcc/arm-zephyr-eabi/12.2.0/thumb/v8-m.main/nofp\libgcc.a
LOAD c:/ncs/toolchains/c57af46cb7/opt/zephyr-sdk/arm-zephyr-eabi/bin/../lib/gcc/arm-zephyr-eabi/12.2.0/../../../../arm-zephyr-eabi/lib/thumb/v8-m.main/nofp\libg_nano.a
LOAD c:/ncs/toolchains/c57af46cb7/opt/zephyr-sdk/arm-zephyr-eabi/bin/../lib/gcc/arm-zephyr-eabi/12.2.0/../../../../arm-zephyr-eabi/lib/thumb/v8-m.main/nofp\libc_nano.a
END GROUP
START GROUP
LOAD c:/ncs/toolchains/c57af46cb7/opt/zephyr-sdk/arm-zephyr-eabi/bin/../lib/gcc/arm-zephyr-eabi/12.2.0/thumb/v8-m.main/nofp\libgcc.a
LOAD c:/ncs/toolchains/c57af46cb7/opt/zephyr-sdk/arm-zephyr-eabi/bin/../lib/gcc/arm-zephyr-eabi/12.2.0/../../../../arm-zephyr-eabi/lib/thumb/v8-m.main/nofp\libc_nano.a
END GROUP
LOAD c:/ncs/toolchains/c57af46cb7/opt/zephyr-sdk/arm-zephyr-eabi/bin/../lib/gcc/arm-zephyr-eabi/12.2.0/thumb/v8-m.main/nofp/crtend.o
LOAD c:/ncs/toolchains/c57af46cb7/opt/zephyr-sdk/arm-zephyr-eabi/bin/../lib/gcc/arm-zephyr-eabi/12.2.0/thumb/v8-m.main/nofp/crtn.o
                0x0000000000000800                __msp_stack_size__ = 0x800
START GROUP
LOAD c:/ncs/toolchains/c57af46cb7/opt/zephyr-sdk/arm-zephyr-eabi/bin/../lib/gcc/arm-zephyr-eabi/12.2.0/thumb/v8-m.main/nofp\libgcc.a
LOAD c:/ncs/toolchains/c57af46cb7/opt/zephyr-sdk/arm-zephyr-eabi/bin/../lib/gcc/arm-zephyr-eabi/12.2.0/../../../../arm-zephyr-eabi/lib/thumb/v8-m.main/nofp\libc.a
LOAD c:/ncs/toolchains/c57af46cb7/opt/zephyr-sdk/arm-zephyr-eabi/bin/../lib/gcc/arm-zephyr-eabi/12.2.0/../../../../arm-zephyr-eabi/lib/thumb/v8-m.main/nofp\libm.a
LOAD c:/ncs/toolchains/c57af46cb7/opt/zephyr-sdk/arm-zephyr-eabi/bin/../lib/gcc/arm-zephyr-eabi/12.2.0/../../../../arm-zephyr-eabi/lib/thumb/v8-m.main/nofp\libnosys.a
LOAD c:/ncs/toolchains/c57af46cb7/opt/zephyr-sdk/arm-zephyr-eabi/bin/../lib/gcc/arm-zephyr-eabi/12.2.0/../../../../arm-zephyr-eabi/lib/thumb/v8-m.main/nofp\libc_nano.a
END GROUP

.TFM_VECTORS    0x0000000000000000      0x144
                0x0000000000000000                __vectors_start__ = .
 *(.vectors)
 .vectors       0x0000000000000000      0x144 secure_fw/CMakeFiles/tfm_s.dir/__/platform/ext/target/nordic_nrf/common/core/startup_nrf91.o
                0x0000000000000000                __Vectors
                0x0000000000000144                . = ALIGN (0x4)
                0x0000000000000144                __vectors_end__ = .
                0x0000000000000001                ASSERT ((. <= (ADDR (.TFM_VECTORS) + 0x144)), .TFM_VECTORS section size overflow.)
                0x0000000000000144                . = (ADDR (.TFM_VECTORS) + 0x144)

.copy.table     0x0000000000000144       0x24
                0x0000000000000144                __copy_table_start__ = .
                0x0000000000000144        0x4 LONG 0xfc40 LOADADDR (.TFM_DATA)
                0x0000000000000148        0x4 LONG 0x20002e20 ADDR (.TFM_DATA)
                0x000000000000014c        0x4 LONG 0x43 (SIZEOF (.TFM_DATA) / 0x4)
                0x0000000000000150        0x4 LONG 0x5560 LOADADDR (.TFM_PSA_ROT_LINKER_DATA)
                0x0000000000000154        0x4 LONG 0x20001c40 ADDR (.TFM_PSA_ROT_LINKER_DATA)
                0x0000000000000158        0x4 LONG 0x0 (SIZEOF (.TFM_PSA_ROT_LINKER_DATA) / 0x4)
                0x000000000000015c        0x4 LONG 0x5560 LOADADDR (.TFM_APP_ROT_LINKER_DATA)
                0x0000000000000160        0x4 LONG 0x20001c20 ADDR (.TFM_APP_ROT_LINKER_DATA)
                0x0000000000000164        0x4 LONG 0x0 (SIZEOF (.TFM_APP_ROT_LINKER_DATA) / 0x4)
                0x0000000000000168                __copy_table_end__ = .

.zero.table     0x0000000000000168       0x20
                0x0000000000000168                __zero_table_start__ = .
                0x0000000000000168        0x4 LONG 0x20002f40 ADDR (.TFM_BSS)
                0x000000000000016c        0x4 LONG 0x6a2 (SIZEOF (.TFM_BSS) / 0x4)
                0x0000000000000170        0x4 LONG 0x20001c40 ADDR (.TFM_PSA_ROT_LINKER_BSS)
                0x0000000000000174        0x4 LONG 0x478 (SIZEOF (.TFM_PSA_ROT_LINKER_BSS) / 0x4)
                0x0000000000000178        0x4 LONG 0x20001c20 ADDR (.TFM_APP_ROT_LINKER_BSS)
                0x000000000000017c        0x4 LONG 0x8 (SIZEOF (.TFM_APP_ROT_LINKER_BSS) / 0x4)
                0x0000000000000180        0x4 LONG 0x20001c00 ADDR (.TFM_SP_META_PTR)
                0x0000000000000184        0x4 LONG 0x8 (SIZEOF (.TFM_SP_META_PTR) / 0x4)
                0x0000000000000188                __zero_table_end__ = .

.TFM_SP_LOAD_LIST
                0x0000000000000188       0xc4
 *(.part_load_priority_lowest)
 .part_load_priority_lowest
                0x0000000000000188       0x30 secure_fw/CMakeFiles/tfm_s.dir/partitions/ns_agent_tz/load_info_ns_agent_tz.o
                0x0000000000000188                tfm_sp_ns_agent_tz_load
 *(.part_load_priority_low)
 *(.part_load_priority_normal)
 .part_load_priority_normal
                0x00000000000001b8       0x4c secure_fw/CMakeFiles/tfm_s.dir/__/generated/secure_fw/partitions/crypto/auto_generated/load_info_tfm_crypto.o
                0x00000000000001b8                tfm_sp_crypto_load
 .part_load_priority_normal
                0x0000000000000204       0x48 secure_fw/CMakeFiles/tfm_s.dir/__/generated/secure_fw/partitions/platform/auto_generated/load_info_tfm_platform.o
                0x0000000000000204                tfm_sp_platform_load
 *(.part_load_priority_high)
                0x0000000000000188                Image$$TFM_SP_LOAD_LIST$$RO$$Base = ADDR (.TFM_SP_LOAD_LIST)
                0x000000000000024c                Image$$TFM_SP_LOAD_LIST$$RO$$Limit = (ADDR (.TFM_SP_LOAD_LIST) + SIZEOF (.TFM_SP_LOAD_LIST))
                0x0000000000000260                . = ALIGN (0x20)
                0x0000000000000260                Image$$TFM_PSA_CODE_START$$Base = .

.TFM_PSA_ROT_LINKER
                0x0000000000000260      0xb40
 *tfm_psa_rot_partition*:*(.text*)
 .text.tfm_crypto_set_scratch_owner
                0x0000000000000260       0x20 secure_fw/partitions/crypto/libtfm_psa_rot_partition_crypto.a(crypto_init.o)
 .text.tfm_crypto_get_scratch_owner
                0x0000000000000280       0x24 secure_fw/partitions/crypto/libtfm_psa_rot_partition_crypto.a(crypto_init.o)
 .text.tfm_crypto_alloc_scratch
                0x00000000000002a4       0x58 secure_fw/partitions/crypto/libtfm_psa_rot_partition_crypto.a(crypto_init.o)
 .text.tfm_crypto_clear_scratch
                0x00000000000002fc       0x2c secure_fw/partitions/crypto/libtfm_psa_rot_partition_crypto.a(crypto_init.o)
 .text.tfm_crypto_set_caller_id
                0x0000000000000328       0x16 secure_fw/partitions/crypto/libtfm_psa_rot_partition_crypto.a(crypto_init.o)
 .text.tfm_crypto_get_caller_id
                0x000000000000033e       0x18 secure_fw/partitions/crypto/libtfm_psa_rot_partition_crypto.a(crypto_init.o)
                0x000000000000033e                tfm_crypto_get_caller_id
 .text.tfm_crypto_init_iovecs
                0x0000000000000356       0xea secure_fw/partitions/crypto/libtfm_psa_rot_partition_crypto.a(crypto_init.o)
 .text.tfm_crypto_call_srv
                0x0000000000000440      0x152 secure_fw/partitions/crypto/libtfm_psa_rot_partition_crypto.a(crypto_init.o)
 .text.tfm_crypto_engine_init
                0x0000000000000592       0x34 secure_fw/partitions/crypto/libtfm_psa_rot_partition_crypto.a(crypto_init.o)
 .text.tfm_crypto_module_init
                0x00000000000005c6        0xe secure_fw/partitions/crypto/libtfm_psa_rot_partition_crypto.a(crypto_init.o)
 .text.tfm_crypto_init
                0x00000000000005d4       0x30 secure_fw/partitions/crypto/libtfm_psa_rot_partition_crypto.a(crypto_init.o)
                0x00000000000005d4                tfm_crypto_init
 .text.tfm_crypto_sfn
                0x0000000000000604       0x26 secure_fw/partitions/crypto/libtfm_psa_rot_partition_crypto.a(crypto_init.o)
                0x0000000000000604                tfm_crypto_sfn
 *fill*         0x000000000000062a        0x2 
 .text.tfm_crypto_api_dispatcher
                0x000000000000062c      0x154 secure_fw/partitions/crypto/libtfm_psa_rot_partition_crypto.a(crypto_init.o)
                0x000000000000062c                tfm_crypto_api_dispatcher
 .text.tfm_crypto_init_alloc
                0x0000000000000780       0x18 secure_fw/partitions/crypto/libtfm_psa_rot_partition_crypto.a(crypto_alloc.o)
                0x0000000000000780                tfm_crypto_init_alloc
 .text.tfm_crypto_cipher_interface
                0x0000000000000798       0x1a secure_fw/partitions/crypto/libtfm_psa_rot_partition_crypto.a(crypto_cipher.o)
                0x0000000000000798                tfm_crypto_cipher_interface
 .text.tfm_crypto_hash_interface
                0x00000000000007b2       0x18 secure_fw/partitions/crypto/libtfm_psa_rot_partition_crypto.a(crypto_hash.o)
                0x00000000000007b2                tfm_crypto_hash_interface
 .text.tfm_crypto_mac_interface
                0x00000000000007ca       0x1a secure_fw/partitions/crypto/libtfm_psa_rot_partition_crypto.a(crypto_mac.o)
                0x00000000000007ca                tfm_crypto_mac_interface
 .text.tfm_crypto_aead_interface
                0x00000000000007e4       0x1a secure_fw/partitions/crypto/libtfm_psa_rot_partition_crypto.a(crypto_aead.o)
                0x00000000000007e4                tfm_crypto_aead_interface
 .text.tfm_crypto_asymmetric_sign_interface
                0x00000000000007fe       0x1a secure_fw/partitions/crypto/libtfm_psa_rot_partition_crypto.a(crypto_asymmetric.o)
                0x00000000000007fe                tfm_crypto_asymmetric_sign_interface
 .text.tfm_crypto_asymmetric_encrypt_interface
                0x0000000000000818       0x1a secure_fw/partitions/crypto/libtfm_psa_rot_partition_crypto.a(crypto_asymmetric.o)
                0x0000000000000818                tfm_crypto_asymmetric_encrypt_interface
 .text.tfm_crypto_key_derivation_interface
                0x0000000000000832       0x1a secure_fw/partitions/crypto/libtfm_psa_rot_partition_crypto.a(crypto_key_derivation.o)
                0x0000000000000832                tfm_crypto_key_derivation_interface
 .text.tfm_crypto_key_management_interface
                0x000000000000084c       0x1a secure_fw/partitions/crypto/libtfm_psa_rot_partition_crypto.a(crypto_key_management.o)
                0x000000000000084c                tfm_crypto_key_management_interface
 .text.tfm_crypto_random_interface
                0x0000000000000866       0x28 secure_fw/partitions/crypto/libtfm_psa_rot_partition_crypto.a(crypto_rng.o)
                0x0000000000000866                tfm_crypto_random_interface
 .text.mbedtls_svc_key_id_make
                0x000000000000088e       0x22 secure_fw/partitions/crypto/libtfm_psa_rot_partition_crypto.a(crypto_library.o)
 .text.tfm_crypto_library_key_id_init
                0x00000000000008b0       0x20 secure_fw/partitions/crypto/libtfm_psa_rot_partition_crypto.a(crypto_library.o)
                0x00000000000008b0                tfm_crypto_library_key_id_init
 .text.tfm_crypto_library_get_info
                0x00000000000008d0       0x1c secure_fw/partitions/crypto/libtfm_psa_rot_partition_crypto.a(crypto_library.o)
                0x00000000000008d0                tfm_crypto_library_get_info
 .text.tfm_crypto_core_library_init
                0x00000000000008ec       0x18 secure_fw/partitions/crypto/libtfm_psa_rot_partition_crypto.a(crypto_library.o)
                0x00000000000008ec                tfm_crypto_core_library_init
 .text.platform_sp_system_reset
                0x0000000000000904        0xe secure_fw/partitions/platform/libtfm_psa_rot_partition_platform.a(platform_sp.o)
                0x0000000000000904                platform_sp_system_reset
 .text.platform_sp_system_reset_psa_api
                0x0000000000000912       0x16 secure_fw/partitions/platform/libtfm_psa_rot_partition_platform.a(platform_sp.o)
 .text.platform_sp_ioctl_psa_api
                0x0000000000000928      0x1c0 secure_fw/partitions/platform/libtfm_psa_rot_partition_platform.a(platform_sp.o)
 .text.tfm_platform_service_sfn
                0x0000000000000ae8       0x3c secure_fw/partitions/platform/libtfm_psa_rot_partition_platform.a(platform_sp.o)
                0x0000000000000ae8                tfm_platform_service_sfn
 .text.platform_sp_init
                0x0000000000000b24        0xe secure_fw/partitions/platform/libtfm_psa_rot_partition_platform.a(platform_sp.o)
                0x0000000000000b24                platform_sp_init
 .text.psa_set_key_id
                0x0000000000000b32       0x42 secure_fw/partitions/crypto/libtfm_psa_rot_partition_crypto.a(tfm_builtin_key_loader.o)
 .text.psa_set_key_lifetime
                0x0000000000000b74       0x28 secure_fw/partitions/crypto/libtfm_psa_rot_partition_crypto.a(tfm_builtin_key_loader.o)
 .text.psa_set_key_algorithm
                0x0000000000000b9c       0x1a secure_fw/partitions/crypto/libtfm_psa_rot_partition_crypto.a(tfm_builtin_key_loader.o)
 .text.psa_set_key_type
                0x0000000000000bb6       0x1c secure_fw/partitions/crypto/libtfm_psa_rot_partition_crypto.a(tfm_builtin_key_loader.o)
 .text.psa_set_key_bits
                0x0000000000000bd2       0x30 secure_fw/partitions/crypto/libtfm_psa_rot_partition_crypto.a(tfm_builtin_key_loader.o)
 *fill*         0x0000000000000c02        0x2 
 .text.tfm_builtin_key_loader_init
                0x0000000000000c04      0x18c secure_fw/partitions/crypto/libtfm_psa_rot_partition_crypto.a(tfm_builtin_key_loader.o)
                0x0000000000000c04                tfm_builtin_key_loader_init
 *tfm_psa_rot_partition*:*(.rodata*)
 .rodata        0x0000000000000d90        0xf secure_fw/partitions/crypto/libtfm_psa_rot_partition_crypto.a(crypto_library.o)
 *(TFM_*_PSA-ROT_ATTR_FN)
                0x0000000000000da0                . = ALIGN (0x20)
 *fill*         0x0000000000000d9f        0x1 
                0x0000000000000260                Image$$TFM_PSA_ROT_LINKER$$RO$$Base = ADDR (.TFM_PSA_ROT_LINKER)
                0x0000000000000da0                Image$$TFM_PSA_ROT_LINKER$$RO$$Limit = (ADDR (.TFM_PSA_ROT_LINKER) + SIZEOF (.TFM_PSA_ROT_LINKER))
                0x0000000000000260                Image$$TFM_PSA_ROT_LINKER$$Base = ADDR (.TFM_PSA_ROT_LINKER)
                0x0000000000000da0                Image$$TFM_PSA_ROT_LINKER$$Limit = (ADDR (.TFM_PSA_ROT_LINKER) + SIZEOF (.TFM_PSA_ROT_LINKER))
                0x0000000000000da0                Image$$TFM_PSA_CODE_END$$Base = .
                0x0000000000000da0                Image$$TFM_APP_CODE_START$$Base = .

.TFM_APP_ROT_LINKER
                0x0000000000000da0        0x0
 *tfm_app_rot_partition*:*(.text*)
 *tfm_app_rot_partition*:*(.rodata*)
 *(TFM_*_APP-ROT_ATTR_FN)
                0x0000000000000da0                . = ALIGN (0x20)
                0x0000000000000da0                Image$$TFM_APP_ROT_LINKER$$RO$$Base = ADDR (.TFM_APP_ROT_LINKER)
                0x0000000000000da0                Image$$TFM_APP_ROT_LINKER$$RO$$Limit = (ADDR (.TFM_APP_ROT_LINKER) + SIZEOF (.TFM_APP_ROT_LINKER))
                0x0000000000000da0                Image$$TFM_APP_ROT_LINKER$$Base = ADDR (.TFM_APP_ROT_LINKER)
                0x0000000000000da0                Image$$TFM_APP_ROT_LINKER$$Limit = (ADDR (.TFM_APP_ROT_LINKER) + SIZEOF (.TFM_APP_ROT_LINKER))
                0x0000000000000da0                Image$$TFM_APP_CODE_END$$Base = .

.ARM.extab
 *(.ARM.extab* .gnu.linkonce.armextab.*)
                0x0000000000000da0                __exidx_start = .

.ARM.exidx      0x0000000000000da0        0x8
 *(.ARM.exidx* .gnu.linkonce.armexidx.*)
 .ARM.exidx     0x0000000000000da0        0x8 c:/ncs/toolchains/c57af46cb7/opt/zephyr-sdk/arm-zephyr-eabi/bin/../lib/gcc/arm-zephyr-eabi/12.2.0/../../../../arm-zephyr-eabi/lib/thumb/v8-m.main/nofp/crt0.o
                                         0x10 (size before relaxing)
                0x0000000000000da8                __exidx_end = .

.ER_TFM_CODE    0x0000000000000da8     0x47ac
 *startup*(.text*)
 .text.default_irq_handler
                0x0000000000000da8        0xc secure_fw/CMakeFiles/tfm_s.dir/__/platform/ext/target/nordic_nrf/common/core/startup.o
                0x0000000000000da8                default_irq_handler
 *fill*         0x0000000000000db4        0x4 
 .text.Reset_Handler
                0x0000000000000db8       0xf4 secure_fw/CMakeFiles/tfm_s.dir/__/platform/ext/target/nordic_nrf/common/core/startup.o
                0x0000000000000db8                Reset_Handler
 .text.default_tfm_IRQHandler
                0x0000000000000eac        0x8 secure_fw/CMakeFiles/tfm_s.dir/__/platform/ext/target/nordic_nrf/common/core/startup_nrf91.o
                0x0000000000000eac                TIMER2_IRQHandler
                0x0000000000000eac                DebugMon_Handler
                0x0000000000000eac                RTC0_IRQHandler
                0x0000000000000eac                SysTick_Handler
                0x0000000000000eac                PWM1_IRQHandler
                0x0000000000000eac                NMI_Handler
                0x0000000000000eac                PDM_IRQHandler
                0x0000000000000eac                default_tfm_IRQHandler
                0x0000000000000eac                IPC_IRQHandler
                0x0000000000000eac                PWM3_IRQHandler
                0x0000000000000eac                FPU_IRQHandler
                0x0000000000000eac                EGU3_IRQHandler
                0x0000000000000eac                KMU_IRQHandler
                0x0000000000000eac                CRYPTOCELL_IRQHandler
                0x0000000000000eac                I2S_IRQHandler
                0x0000000000000eac                EGU2_IRQHandler
                0x0000000000000eac                TIMER0_IRQHandler
                0x0000000000000eac                EGU4_IRQHandler
                0x0000000000000eac                EGU0_IRQHandler
                0x0000000000000eac                GPIOTE1_IRQHandler
                0x0000000000000eac                TIMER1_IRQHandler
                0x0000000000000eac                PWM2_IRQHandler
                0x0000000000000eac                EGU1_IRQHandler
                0x0000000000000eac                EGU5_IRQHandler
                0x0000000000000eac                UARTE3_SPIM3_SPIS3_TWIM3_TWIS3_IRQHandler
                0x0000000000000eac                SAADC_IRQHandler
                0x0000000000000eac                GPIOTE0_IRQHandler
                0x0000000000000eac                WDT_IRQHandler
                0x0000000000000eac                SPIM0_SPIS0_TWIM0_TWIS0_UARTE0_IRQHandler
                0x0000000000000eac                SPIM2_SPIS2_TWIM2_TWIS2_UARTE2_IRQHandler
                0x0000000000000eac                PWM0_IRQHandler
                0x0000000000000eac                RTC1_IRQHandler
                0x0000000000000eac                SPIM1_SPIS1_TWIM1_TWIS1_UARTE1_IRQHandler
                0x0000000000000eac                CLOCK_POWER_IRQHandler
 *libplatform_s*:*(.text*)
 .text.__NVIC_SystemReset
                0x0000000000000eb4       0x2c platform/libplatform_s.a(system_nrf91.o)
 .text.nrf91_errata_6
                0x0000000000000ee0       0x50 platform/libplatform_s.a(system_nrf91.o)
 .text.nrf91_errata_7
                0x0000000000000f30       0x50 platform/libplatform_s.a(system_nrf91.o)
 .text.nrf91_errata_14
                0x0000000000000f80       0x50 platform/libplatform_s.a(system_nrf91.o)
 .text.nrf91_errata_15
                0x0000000000000fd0       0x50 platform/libplatform_s.a(system_nrf91.o)
 .text.nrf91_errata_20
                0x0000000000001020       0x50 platform/libplatform_s.a(system_nrf91.o)
 .text.nrf91_errata_31
                0x0000000000001070       0x50 platform/libplatform_s.a(system_nrf91.o)
 .text.nrf91_errata_36
                0x00000000000010c0        0xe platform/libplatform_s.a(system_nrf91.o)
 .text.nrf91_handle_approtect
                0x00000000000010ce       0x14 platform/libplatform_s.a(system_nrf91.o)
 *fill*         0x00000000000010e2        0x2 
 .text.SystemInit
                0x00000000000010e4      0x20c platform/libplatform_s.a(system_nrf91.o)
                0x00000000000010e4                SystemInit
 .text.uicr_HFXOCNT_erased
                0x00000000000012f0       0x64 platform/libplatform_s.a(system_nrf91.o)
 .text.uicr_HFXOSRC_erased
                0x0000000000001354       0x78 platform/libplatform_s.a(system_nrf91.o)
 .text.is_empty_word
                0x00000000000013cc       0x2c platform/libplatform_s.a(system_nrf91.o)
 .text.nrfx_critical_section_enter
                0x00000000000013f8       0x20 platform/libplatform_s.a(nrfx_glue.o)
                0x00000000000013f8                nrfx_critical_section_enter
 .text.nrfx_critical_section_exit
                0x0000000000001418       0x44 platform/libplatform_s.a(nrfx_glue.o)
                0x0000000000001418                nrfx_critical_section_exit
 .text.mpu_armv8m_enable
                0x000000000000145c       0x60 platform/libplatform_s.a(mpu_armv8m_drv.o)
                0x000000000000145c                mpu_armv8m_enable
 .text.mpu_armv8m_region_enable
                0x00000000000014bc       0xd8 platform/libplatform_s.a(mpu_armv8m_drv.o)
                0x00000000000014bc                mpu_armv8m_region_enable
 .text.mpu_armv8m_region_disable
                0x0000000000001594       0x46 platform/libplatform_s.a(mpu_armv8m_drv.o)
                0x0000000000001594                mpu_armv8m_region_disable
 .text.mpu_armv8m_clean
                0x00000000000015da       0x3e platform/libplatform_s.a(mpu_armv8m_drv.o)
                0x00000000000015da                mpu_armv8m_clean
 .text.nrf_event_readback
                0x0000000000001618       0x16 platform/libplatform_s.a(spu.o)
 .text.nrf_spu_event_clear
                0x000000000000162e       0x2a platform/libplatform_s.a(spu.o)
 .text.nrf_spu_int_enable
                0x0000000000001658       0x1c platform/libplatform_s.a(spu.o)
 .text.nrf_spu_flashnsc_set
                0x0000000000001674       0xb0 platform/libplatform_s.a(spu.o)
 .text.nrf_spu_flashregion_set
                0x0000000000001724       0x74 platform/libplatform_s.a(spu.o)
 .text.nrf_spu_ramregion_set
                0x0000000000001798       0x74 platform/libplatform_s.a(spu.o)
 .text.nrf_spu_peripheral_set
                0x000000000000180c       0xa8 platform/libplatform_s.a(spu.o)
 .text.spu_enable_interrupts
                0x00000000000018b4       0x14 platform/libplatform_s.a(spu.o)
                0x00000000000018b4                spu_enable_interrupts
 .text.spu_clear_events
                0x00000000000018c8       0x2c platform/libplatform_s.a(spu.o)
                0x00000000000018c8                spu_clear_events
 .text.spu_region_is_bootloader_region
                0x00000000000018f4       0x1c platform/libplatform_s.a(spu.o)
 .text.spu_region_is_pcd_region
                0x0000000000001910       0x1c platform/libplatform_s.a(spu.o)
 .text.spu_regions_reset_unlocked_secure
                0x000000000000192c       0x8c platform/libplatform_s.a(spu.o)
                0x000000000000192c                spu_regions_reset_unlocked_secure
 .text.spu_regions_flash_config
                0x00000000000019b8       0x54 platform/libplatform_s.a(spu.o)
                0x00000000000019b8                spu_regions_flash_config
 .text.spu_regions_sram_config
                0x0000000000001a0c       0x5c platform/libplatform_s.a(spu.o)
                0x0000000000001a0c                spu_regions_sram_config
 .text.spu_regions_flash_config_non_secure_callable
                0x0000000000001a68       0xc4 platform/libplatform_s.a(spu.o)
                0x0000000000001a68                spu_regions_flash_config_non_secure_callable
 .text.spu_regions_flash_get_base_address_in_region
                0x0000000000001b2c       0x16 platform/libplatform_s.a(spu.o)
                0x0000000000001b2c                spu_regions_flash_get_base_address_in_region
 .text.spu_regions_flash_get_last_address_in_region
                0x0000000000001b42       0x1a platform/libplatform_s.a(spu.o)
                0x0000000000001b42                spu_regions_flash_get_last_address_in_region
 .text.spu_regions_flash_get_start_id
                0x0000000000001b5c        0xe platform/libplatform_s.a(spu.o)
                0x0000000000001b5c                spu_regions_flash_get_start_id
 .text.spu_regions_flash_get_last_id
                0x0000000000001b6a        0xe platform/libplatform_s.a(spu.o)
                0x0000000000001b6a                spu_regions_flash_get_last_id
 .text.spu_regions_flash_get_region_size
                0x0000000000001b78       0x10 platform/libplatform_s.a(spu.o)
                0x0000000000001b78                spu_regions_flash_get_region_size
 .text.spu_regions_sram_get_base_address_in_region
                0x0000000000001b88       0x1c platform/libplatform_s.a(spu.o)
                0x0000000000001b88                spu_regions_sram_get_base_address_in_region
 .text.spu_regions_sram_get_last_address_in_region
                0x0000000000001ba4       0x1e platform/libplatform_s.a(spu.o)
                0x0000000000001ba4                spu_regions_sram_get_last_address_in_region
 .text.spu_regions_sram_get_start_id
                0x0000000000001bc2        0xe platform/libplatform_s.a(spu.o)
                0x0000000000001bc2                spu_regions_sram_get_start_id
 .text.spu_regions_sram_get_last_id
                0x0000000000001bd0        0xe platform/libplatform_s.a(spu.o)
                0x0000000000001bd0                spu_regions_sram_get_last_id
 .text.spu_regions_sram_get_region_size
                0x0000000000001bde       0x10 platform/libplatform_s.a(spu.o)
                0x0000000000001bde                spu_regions_sram_get_region_size
 *fill*         0x0000000000001bee        0x2 
 .text.spu_peripheral_config_secure
                0x0000000000001bf0       0x5c platform/libplatform_s.a(spu.o)
                0x0000000000001bf0                spu_peripheral_config_secure
 .text.spu_peripheral_config_non_secure
                0x0000000000001c4c       0x5c platform/libplatform_s.a(spu.o)
                0x0000000000001c4c                spu_peripheral_config_non_secure
 .text.crypto_platform_init
                0x0000000000001ca8       0x22 platform/libplatform_s.a(tfm_hal_platform.o)
 *fill*         0x0000000000001cca        0x2 
 .text.allow_nonsecure_reset
                0x0000000000001ccc       0x3c platform/libplatform_s.a(tfm_hal_platform.o)
 .text.tfm_hal_platform_init
                0x0000000000001d08       0x34 platform/libplatform_s.a(tfm_hal_platform.o)
                0x0000000000001d08                tfm_hal_platform_init
 .text.tfm_plat_otp_init
                0x0000000000001d3c        0xe platform/libplatform_s.a(dummy_otp.o)
                0x0000000000001d3c                tfm_plat_otp_init
 .text.tfm_plat_provisioning_is_required
                0x0000000000001d4a        0xe platform/libplatform_s.a(dummy_provisioning.o)
                0x0000000000001d4a                tfm_plat_provisioning_is_required
 .text.tfm_plat_provisioning_perform
                0x0000000000001d58        0xe platform/libplatform_s.a(dummy_provisioning.o)
                0x0000000000001d58                tfm_plat_provisioning_perform
 .text.tfm_plat_provisioning_check_for_dummy_keys
                0x0000000000001d66        0xc platform/libplatform_s.a(dummy_provisioning.o)
                0x0000000000001d66                tfm_plat_provisioning_check_for_dummy_keys
 *fill*         0x0000000000001d72        0x2 
 .text.__NVIC_SystemReset
                0x0000000000001d74       0x2c platform/libplatform_s.a(tfm_platform_system.o)
 .text.tfm_platform_hal_system_reset
                0x0000000000001da0        0x8 platform/libplatform_s.a(tfm_platform_system.o)
                0x0000000000001da0                tfm_platform_hal_system_reset
 .text.tfm_platform_hal_ioctl
                0x0000000000001da8       0x28 platform/libplatform_s.a(tfm_platform_system.o)
                0x0000000000001da8                tfm_platform_hal_ioctl
 .text.__NVIC_SystemReset
                0x0000000000001dd0       0x2c platform/libplatform_s.a(tfm_hal_reset_halt.o)
 .text.tfm_hal_system_reset
                0x0000000000001dfc        0x8 platform/libplatform_s.a(tfm_hal_reset_halt.o)
                0x0000000000001dfc                tfm_hal_system_reset
 .text.tfm_platform_hal_read_service
                0x0000000000001e04       0xe4 platform/libplatform_s.a(tfm_platform_hal_ioctl.o)
                0x0000000000001e04                tfm_platform_hal_read_service
 *libtfm_spm*:*(.text*)
 .text.tfm_core_panic
                0x0000000000001ee8        0xc secure_fw/spm/libtfm_spm.a(utilities.o)
                0x0000000000001ee8                tfm_core_panic
 .text.tfm_arch_set_msplim
                0x0000000000001ef4       0x1e secure_fw/spm/libtfm_spm.a(main.o)
 *fill*         0x0000000000001f12        0x2 
 .text.tfm_core_init
                0x0000000000001f14       0x78 secure_fw/spm/libtfm_spm.a(main.o)
 .text.main     0x0000000000001f8c       0x3c secure_fw/spm/libtfm_spm.a(main.o)
                0x0000000000001f8c                main
 .text.is_return_secure_stack
                0x0000000000001fc8       0x24 secure_fw/spm/libtfm_spm.a(tfm_core_svcalls_ipc.o)
 .text.is_default_stacking_rules_apply
                0x0000000000001fec       0x24 secure_fw/spm/libtfm_spm.a(tfm_core_svcalls_ipc.o)
 .text.tfm_arch_check_msp_sealing
                0x0000000000002010       0x28 secure_fw/spm/libtfm_spm.a(tfm_core_svcalls_ipc.o)
 .text.tfm_core_svc_handler
                0x0000000000002038       0xd4 secure_fw/spm/libtfm_spm.a(tfm_core_svcalls_ipc.o)
                0x0000000000002038                tfm_core_svc_handler
 .text.tfm_core_handler_mode
                0x000000000000210c        0x6 secure_fw/spm/libtfm_spm.a(tfm_core_svcalls_ipc.o)
                0x000000000000210c                tfm_core_handler_mode
 *fill*         0x0000000000002112        0x2 
 .text.__NVIC_SetPriority
                0x0000000000002114       0x54 secure_fw/spm/libtfm_spm.a(tfm_arch_v8m_main.o)
 .text.arch_non_preempt_call
                0x0000000000002168       0x68 secure_fw/spm/libtfm_spm.a(tfm_arch_v8m_main.o)
                0x0000000000002168                arch_non_preempt_call
 .text.PendSV_Handler
                0x00000000000021d0       0x54 secure_fw/spm/libtfm_spm.a(tfm_arch_v8m_main.o)
                0x00000000000021d0                PendSV_Handler
 .text.SVC_Handler
                0x0000000000002224       0x6c secure_fw/spm/libtfm_spm.a(tfm_arch_v8m_main.o)
                0x0000000000002224                SVC_Handler
 .text.tfm_arch_set_secure_exception_priorities
                0x0000000000002290       0x68 secure_fw/spm/libtfm_spm.a(tfm_arch_v8m_main.o)
                0x0000000000002290                tfm_arch_set_secure_exception_priorities
 .text.tfm_arch_config_extensions
                0x00000000000022f8        0xc secure_fw/spm/libtfm_spm.a(tfm_arch_v8m_main.o)
                0x00000000000022f8                tfm_arch_config_extensions
 .text.ns_agent_tz_main
                0x0000000000002304       0x30 secure_fw/spm/libtfm_spm.a(ns_agent_tz_v80m.o)
                0x0000000000002304                ns_agent_tz_main
 .text.tfm_hal_set_up_static_boundaries
                0x0000000000002334       0x4c secure_fw/spm/libtfm_spm.a(tfm_hal_isolation.o)
                0x0000000000002334                tfm_hal_set_up_static_boundaries
 .text.tfm_hal_bind_boundary
                0x0000000000002380      0x158 secure_fw/spm/libtfm_spm.a(tfm_hal_isolation.o)
                0x0000000000002380                tfm_hal_bind_boundary
 .text.tfm_hal_activate_boundary
                0x00000000000024d8       0x4a secure_fw/spm/libtfm_spm.a(tfm_hal_isolation.o)
                0x00000000000024d8                tfm_hal_activate_boundary
 .text.accessible_to_region
                0x0000000000002522      0x196 secure_fw/spm/libtfm_spm.a(tfm_hal_isolation.o)
 .text.tfm_hal_memory_check
                0x00000000000026b8      0x124 secure_fw/spm/libtfm_spm.a(tfm_hal_isolation.o)
                0x00000000000026b8                tfm_hal_memory_check
 .text.mpu_init_cfg
                0x00000000000027dc      0x188 secure_fw/spm/libtfm_spm.a(tfm_hal_isolation.o)
                0x00000000000027dc                mpu_init_cfg
 .text.tfm_hal_boundary_need_switch
                0x0000000000002964       0x3a secure_fw/spm/libtfm_spm.a(tfm_hal_isolation.o)
                0x0000000000002964                tfm_hal_boundary_need_switch
 *fill*         0x000000000000299e        0x2 
 .text.__NVIC_ClearPendingIRQ
                0x00000000000029a0       0x3c secure_fw/spm/libtfm_spm.a(faults.o)
 .text.spu_dump_context
                0x00000000000029dc       0x24 secure_fw/spm/libtfm_spm.a(faults.o)
 .text.SPU_Handler
                0x0000000000002a00       0x1a secure_fw/spm/libtfm_spm.a(faults.o)
                0x0000000000002a00                SPU_Handler
 .text.SPU_IRQHandler
                0x0000000000002a1a        0x8 secure_fw/spm/libtfm_spm.a(faults.o)
                0x0000000000002a1a                SPU_IRQHandler
 *fill*         0x0000000000002a22        0x2 
 .text.__NVIC_EnableIRQ
                0x0000000000002a24       0x38 secure_fw/spm/libtfm_spm.a(target_cfg.o)
 .text.__NVIC_ClearPendingIRQ
                0x0000000000002a5c       0x3c secure_fw/spm/libtfm_spm.a(target_cfg.o)
 .text.NVIC_ClearTargetState
                0x0000000000002a98       0x6c secure_fw/spm/libtfm_spm.a(target_cfg.o)
 .text.__NVIC_SetPriority
                0x0000000000002b04       0x54 secure_fw/spm/libtfm_spm.a(target_cfg.o)
 .text.TZ_SAU_Disable
                0x0000000000002b58       0x1c secure_fw/spm/libtfm_spm.a(target_cfg.o)
 .text.nrf_spu_dppi_config_set
                0x0000000000002b74       0x6c secure_fw/spm/libtfm_spm.a(target_cfg.o)
 .text.nrf_spu_gpio_config_set
                0x0000000000002be0       0x6c secure_fw/spm/libtfm_spm.a(target_cfg.o)
 .text.nrf_spu_extdomain_set
                0x0000000000002c4c       0x78 secure_fw/spm/libtfm_spm.a(target_cfg.o)
 .text.spu_dppi_config_non_secure
                0x0000000000002cc4       0x24 secure_fw/spm/libtfm_spm.a(target_cfg.o)
 .text.spu_gpio_config_non_secure
                0x0000000000002ce8       0x28 secure_fw/spm/libtfm_spm.a(target_cfg.o)
 .text.nrf_nvmc_icache_config_set
                0x0000000000002d10       0x40 secure_fw/spm/libtfm_spm.a(target_cfg.o)
 .text.nrfx_nvmc_icache_enable
                0x0000000000002d50       0x18 secure_fw/spm/libtfm_spm.a(target_cfg.o)
 .text.enable_fault_handlers
                0x0000000000002d68       0x24 secure_fw/spm/libtfm_spm.a(target_cfg.o)
                0x0000000000002d68                enable_fault_handlers
 .text.system_reset_cfg
                0x0000000000002d8c       0x34 secure_fw/spm/libtfm_spm.a(target_cfg.o)
                0x0000000000002d8c                system_reset_cfg
 .text.init_debug
                0x0000000000002dc0        0xe secure_fw/spm/libtfm_spm.a(target_cfg.o)
                0x0000000000002dc0                init_debug
 *fill*         0x0000000000002dce        0x2 
 .text.nvic_interrupt_target_state_cfg
                0x0000000000002dd0       0x3c secure_fw/spm/libtfm_spm.a(target_cfg.o)
                0x0000000000002dd0                nvic_interrupt_target_state_cfg
 .text.nvic_interrupt_enable
                0x0000000000002e0c       0x1a secure_fw/spm/libtfm_spm.a(target_cfg.o)
                0x0000000000002e0c                nvic_interrupt_enable
 *fill*         0x0000000000002e26        0x2 
 .text.sau_and_idau_cfg
                0x0000000000002e28       0x1c secure_fw/spm/libtfm_spm.a(target_cfg.o)
                0x0000000000002e28                sau_and_idau_cfg
 .text.spu_init_cfg
                0x0000000000002e44       0x88 secure_fw/spm/libtfm_spm.a(target_cfg.o)
                0x0000000000002e44                spu_init_cfg
 .text.spu_periph_init_cfg
                0x0000000000002ecc      0x180 secure_fw/spm/libtfm_spm.a(target_cfg.o)
                0x0000000000002ecc                spu_periph_init_cfg
 .text.spu_periph_configure_to_secure
                0x000000000000304c       0x18 secure_fw/spm/libtfm_spm.a(target_cfg.o)
                0x000000000000304c                spu_periph_configure_to_secure
 .text.tfm_core_check_boot_data_access_policy
                0x0000000000003064       0x58 secure_fw/spm/libtfm_spm.a(tfm_boot_data.o)
 .text.tfm_core_validate_boot_data
                0x00000000000030bc       0x18 secure_fw/spm/libtfm_spm.a(tfm_boot_data.o)
                0x00000000000030bc                tfm_core_validate_boot_data
 .text.tfm_core_get_boot_data_handler
                0x00000000000030d4       0xa8 secure_fw/spm/libtfm_spm.a(tfm_boot_data.o)
                0x00000000000030d4                tfm_core_get_boot_data_handler
 .text.tfm_arch_set_psplim
                0x000000000000317c       0x1e secure_fw/spm/libtfm_spm.a(tfm_arch.o)
 *fill*         0x000000000000319a        0x2 
 .text.arch_seal_thread_stack
                0x000000000000319c       0x3c secure_fw/spm/libtfm_spm.a(tfm_arch.o)
 .text.tfm_arch_free_msp_and_exc_ret
                0x00000000000031d8        0xa secure_fw/spm/libtfm_spm.a(tfm_arch.o)
                0x00000000000031d8                tfm_arch_free_msp_and_exc_ret
 .text.tfm_arch_set_context_ret_code
                0x00000000000031e2       0x3e secure_fw/spm/libtfm_spm.a(tfm_arch.o)
                0x00000000000031e2                tfm_arch_set_context_ret_code
 .text.tfm_arch_trigger_pendsv
                0x0000000000003220       0x1c secure_fw/spm/libtfm_spm.a(tfm_arch.o)
                0x0000000000003220                tfm_arch_trigger_pendsv
 .text.tfm_arch_init_context
                0x000000000000323c       0x72 secure_fw/spm/libtfm_spm.a(tfm_arch.o)
                0x000000000000323c                tfm_arch_init_context
 .text.tfm_arch_refresh_hardware_context
                0x00000000000032ae       0x36 secure_fw/spm/libtfm_spm.a(tfm_arch.o)
                0x00000000000032ae                tfm_arch_refresh_hardware_context
 .text.__save_disable_irq
                0x00000000000032e4       0x1a secure_fw/spm/libtfm_spm.a(spm_ipc.o)
 .text.__restore_irq
                0x00000000000032fe       0x18 secure_fw/spm/libtfm_spm.a(spm_ipc.o)
 *fill*         0x0000000000003316        0x2 
 .text.connection_to_handle
                0x0000000000003318       0x40 secure_fw/spm/libtfm_spm.a(spm_ipc.o)
                0x0000000000003318                connection_to_handle
 .text.handle_to_connection
                0x0000000000003358       0x30 secure_fw/spm/libtfm_spm.a(spm_ipc.o)
                0x0000000000003358                handle_to_connection
 .text.spm_allocate_connection
                0x0000000000003388       0x3c secure_fw/spm/libtfm_spm.a(spm_ipc.o)
                0x0000000000003388                spm_allocate_connection
 .text.spm_validate_connection
                0x00000000000033c4       0x34 secure_fw/spm/libtfm_spm.a(spm_ipc.o)
                0x00000000000033c4                spm_validate_connection
 .text.spm_free_connection
                0x00000000000033f8       0x3c secure_fw/spm/libtfm_spm.a(spm_ipc.o)
                0x00000000000033f8                spm_free_connection
 .text.spm_get_handle_by_signal
                0x0000000000003434       0x92 secure_fw/spm/libtfm_spm.a(spm_ipc.o)
                0x0000000000003434                spm_get_handle_by_signal
 *fill*         0x00000000000034c6        0x2 
 .text.tfm_spm_get_service_by_sid
                0x00000000000034c8       0x60 secure_fw/spm/libtfm_spm.a(spm_ipc.o)
                0x00000000000034c8                tfm_spm_get_service_by_sid
 .text.tfm_spm_check_client_version
                0x0000000000003528       0x64 secure_fw/spm/libtfm_spm.a(spm_ipc.o)
                0x0000000000003528                tfm_spm_check_client_version
 .text.tfm_spm_check_authorization
                0x000000000000358c       0x9c secure_fw/spm/libtfm_spm.a(spm_ipc.o)
                0x000000000000358c                tfm_spm_check_authorization
 .text.spm_msg_handle_to_connection
                0x0000000000003628       0x44 secure_fw/spm/libtfm_spm.a(spm_ipc.o)
                0x0000000000003628                spm_msg_handle_to_connection
 .text.spm_fill_message
                0x000000000000366c       0x60 secure_fw/spm/libtfm_spm.a(spm_ipc.o)
                0x000000000000366c                spm_fill_message
 .text.tfm_spm_partition_get_running_partition_id
                0x00000000000036cc       0x38 secure_fw/spm/libtfm_spm.a(spm_ipc.o)
                0x00000000000036cc                tfm_spm_partition_get_running_partition_id
 .text.tfm_spm_is_ns_caller
                0x0000000000003704       0x3c secure_fw/spm/libtfm_spm.a(spm_ipc.o)
                0x0000000000003704                tfm_spm_is_ns_caller
 .text.tfm_spm_get_client_id
                0x0000000000003740       0x38 secure_fw/spm/libtfm_spm.a(spm_ipc.o)
                0x0000000000003740                tfm_spm_get_client_id
 .text.tfm_spm_init
                0x0000000000003778       0x94 secure_fw/spm/libtfm_spm.a(spm_ipc.o)
                0x0000000000003778                tfm_spm_init
 .text.update_caller_outvec_len
                0x000000000000380c       0x6e secure_fw/spm/libtfm_spm.a(spm_ipc.o)
                0x000000000000380c                update_caller_outvec_len
 *fill*         0x000000000000387a        0x2 
 .text.cross_call_entering_c
                0x000000000000387c       0x54 secure_fw/spm/libtfm_spm.a(spm_cross_call.o)
                0x000000000000387c                cross_call_entering_c
 .text.cross_call_exiting_c
                0x00000000000038d0       0x4c secure_fw/spm/libtfm_spm.a(spm_cross_call.o)
                0x00000000000038d0                cross_call_exiting_c
 .text.spm_interface_cross_dispatcher
                0x000000000000391c       0x6c secure_fw/spm/libtfm_spm.a(spm_cross_call.o)
                0x000000000000391c                spm_interface_cross_dispatcher
 .text.tfm_allocate_partition_assuredly
                0x0000000000003988       0x38 secure_fw/spm/libtfm_spm.a(rom_loader.o)
 .text.tfm_allocate_service_assuredly
                0x00000000000039c0       0x50 secure_fw/spm/libtfm_spm.a(rom_loader.o)
 .text.load_a_partition_assuredly
                0x0000000000003a10      0x144 secure_fw/spm/libtfm_spm.a(rom_loader.o)
                0x0000000000003a10                load_a_partition_assuredly
 .text.load_services_assuredly
                0x0000000000003b54      0x162 secure_fw/spm/libtfm_spm.a(rom_loader.o)
                0x0000000000003b54                load_services_assuredly
 .text.load_irqs_assuredly
                0x0000000000003cb6       0x12 secure_fw/spm/libtfm_spm.a(rom_loader.o)
                0x0000000000003cb6                load_irqs_assuredly
 .text.__save_disable_irq
                0x0000000000003cc8       0x1a secure_fw/spm/libtfm_spm.a(psa_api.o)
 .text.__restore_irq
                0x0000000000003ce2       0x18 secure_fw/spm/libtfm_spm.a(psa_api.o)
 .text.spm_handle_programmer_errors
                0x0000000000003cfa       0x34 secure_fw/spm/libtfm_spm.a(psa_api.o)
                0x0000000000003cfa                spm_handle_programmer_errors
 .text.tfm_spm_get_lifecycle_state
                0x0000000000003d2e        0xe secure_fw/spm/libtfm_spm.a(psa_api.o)
                0x0000000000003d2e                tfm_spm_get_lifecycle_state
 .text.tfm_spm_partition_psa_wait
                0x0000000000003d3c       0x60 secure_fw/spm/libtfm_spm.a(psa_api.o)
                0x0000000000003d3c                tfm_spm_partition_psa_wait
 .text.tfm_spm_partition_psa_get
                0x0000000000003d9c       0xa0 secure_fw/spm/libtfm_spm.a(psa_api.o)
                0x0000000000003d9c                tfm_spm_partition_psa_get
 .text.tfm_spm_partition_psa_reply
                0x0000000000003e3c       0xfe secure_fw/spm/libtfm_spm.a(psa_api.o)
                0x0000000000003e3c                tfm_spm_partition_psa_reply
 .text.tfm_spm_partition_psa_panic
                0x0000000000003f3a        0xc secure_fw/spm/libtfm_spm.a(psa_api.o)
                0x0000000000003f3a                tfm_spm_partition_psa_panic
 .text.__save_disable_irq
                0x0000000000003f46       0x1a secure_fw/spm/libtfm_spm.a(backend_ipc.o)
 .text.__restore_irq
                0x0000000000003f60       0x18 secure_fw/spm/libtfm_spm.a(backend_ipc.o)
 .text.query_state
                0x0000000000003f78       0x8a secure_fw/spm/libtfm_spm.a(backend_ipc.o)
 *fill*         0x0000000000004002        0x2 
 .text.prv_process_metadata
                0x0000000000004004       0xcc secure_fw/spm/libtfm_spm.a(backend_ipc.o)
 .text.backend_messaging
                0x00000000000040d0       0x74 secure_fw/spm/libtfm_spm.a(backend_ipc.o)
                0x00000000000040d0                backend_messaging
 .text.backend_replying
                0x0000000000004144       0x28 secure_fw/spm/libtfm_spm.a(backend_ipc.o)
                0x0000000000004144                backend_replying
 .text.backend_init_comp_assuredly
                0x000000000000416c      0x114 secure_fw/spm/libtfm_spm.a(backend_ipc.o)
                0x000000000000416c                backend_init_comp_assuredly
 .text.backend_system_run
                0x0000000000004280       0x70 secure_fw/spm/libtfm_spm.a(backend_ipc.o)
                0x0000000000004280                backend_system_run
 .text.backend_wait_signals
                0x00000000000042f0       0x48 secure_fw/spm/libtfm_spm.a(backend_ipc.o)
                0x00000000000042f0                backend_wait_signals
 .text.backend_assert_signal
                0x0000000000004338       0x3e secure_fw/spm/libtfm_spm.a(backend_ipc.o)
                0x0000000000004338                backend_assert_signal
 *fill*         0x0000000000004376        0x2 
 .text.ipc_schedule
                0x0000000000004378       0xe8 secure_fw/spm/libtfm_spm.a(backend_ipc.o)
                0x0000000000004378                ipc_schedule
 .text.tfm_pool_init
                0x0000000000004460       0x96 secure_fw/spm/libtfm_spm.a(tfm_pools.o)
                0x0000000000004460                tfm_pool_init
 .text.tfm_pool_alloc
                0x00000000000044f6       0x46 secure_fw/spm/libtfm_spm.a(tfm_pools.o)
                0x00000000000044f6                tfm_pool_alloc
 .text.tfm_pool_free
                0x000000000000453c       0x28 secure_fw/spm/libtfm_spm.a(tfm_pools.o)
                0x000000000000453c                tfm_pool_free
 .text.is_valid_chunk_data_in_pool
                0x0000000000004564       0x54 secure_fw/spm/libtfm_spm.a(tfm_pools.o)
                0x0000000000004564                is_valid_chunk_data_in_pool
 .text.thrd_set_query_callback
                0x00000000000045b8       0x1c secure_fw/spm/libtfm_spm.a(thread.o)
                0x00000000000045b8                thrd_set_query_callback
 .text.thrd_next
                0x00000000000045d4       0x6c secure_fw/spm/libtfm_spm.a(thread.o)
                0x00000000000045d4                thrd_next
 .text.insert_by_prior
                0x0000000000004640       0x6e secure_fw/spm/libtfm_spm.a(thread.o)
 *fill*         0x00000000000046ae        0x2 
 .text.thrd_start
                0x00000000000046b0       0x40 secure_fw/spm/libtfm_spm.a(thread.o)
                0x00000000000046b0                thrd_start
 .text.thrd_set_state
                0x00000000000046f0       0x5c secure_fw/spm/libtfm_spm.a(thread.o)
                0x00000000000046f0                thrd_set_state
 .text.thrd_start_scheduler
                0x000000000000474c       0x32 secure_fw/spm/libtfm_spm.a(thread.o)
                0x000000000000474c                thrd_start_scheduler
 .text.tfm_nspm_get_current_client_id
                0x000000000000477e       0x10 secure_fw/spm/libtfm_spm.a(tfm_spm_ns_ctx.o)
                0x000000000000477e                tfm_nspm_get_current_client_id
 *fill*         0x000000000000478e        0x2 
 .text.tfm_nspm_ctx_init
                0x0000000000004790       0x2c secure_fw/spm/libtfm_spm.a(tfm_spm_ns_ctx.o)
                0x0000000000004790                tfm_nspm_ctx_init
 .text.tfm_hal_platform_common_init
                0x00000000000047bc       0x74 secure_fw/spm/libtfm_spm.a(tfm_hal_platform_common.o)
                0x00000000000047bc                tfm_hal_platform_common_init
 .text.tfm_hal_get_ns_VTOR
                0x0000000000004830       0x14 secure_fw/spm/libtfm_spm.a(tfm_hal_platform_common.o)
                0x0000000000004830                tfm_hal_get_ns_VTOR
 .text.tfm_hal_get_ns_MSP
                0x0000000000004844       0x18 secure_fw/spm/libtfm_spm.a(tfm_hal_platform_common.o)
                0x0000000000004844                tfm_hal_get_ns_MSP
 .text.tfm_hal_get_ns_entry_point
                0x000000000000485c       0x18 secure_fw/spm/libtfm_spm.a(tfm_hal_platform_common.o)
                0x000000000000485c                tfm_hal_get_ns_entry_point
 .text.__save_disable_irq
                0x0000000000004874       0x1a secure_fw/spm/libtfm_spm.a(psa_call_api.o)
 .text.__restore_irq
                0x000000000000488e       0x18 secure_fw/spm/libtfm_spm.a(psa_call_api.o)
 *fill*         0x00000000000048a6        0x2 
 .text.tfm_spm_client_psa_call
                0x00000000000048a8      0x3c8 secure_fw/spm/libtfm_spm.a(psa_call_api.o)
                0x00000000000048a8                tfm_spm_client_psa_call
 .text.tfm_spm_client_psa_framework_version
                0x0000000000004c70       0x10 secure_fw/spm/libtfm_spm.a(psa_version_api.o)
                0x0000000000004c70                tfm_spm_client_psa_framework_version
 .text.tfm_spm_client_psa_version
                0x0000000000004c80       0x46 secure_fw/spm/libtfm_spm.a(psa_version_api.o)
                0x0000000000004c80                tfm_spm_client_psa_version
 *fill*         0x0000000000004cc6        0x2 
 .text.tfm_spm_partition_psa_read
                0x0000000000004cc8       0xe4 secure_fw/spm/libtfm_spm.a(psa_read_write_skip_api.o)
                0x0000000000004cc8                tfm_spm_partition_psa_read
 .text.tfm_spm_partition_psa_skip
                0x0000000000004dac       0xaa secure_fw/spm/libtfm_spm.a(psa_read_write_skip_api.o)
                0x0000000000004dac                tfm_spm_partition_psa_skip
 *fill*         0x0000000000004e56        0x2 
 .text.tfm_spm_partition_psa_write
                0x0000000000004e58       0xd4 secure_fw/spm/libtfm_spm.a(psa_read_write_skip_api.o)
                0x0000000000004e58                tfm_spm_partition_psa_write
 *libplatform_s*:*(.rodata*)
 .rodata        0x0000000000004f2c       0x81 platform/libplatform_s.a(nrfx_glue.o)
 *fill*         0x0000000000004fad        0x3 
 .rodata.__func__.0
                0x0000000000004fb0       0x1b platform/libplatform_s.a(nrfx_glue.o)
 *fill*         0x0000000000004fcb        0x1 
 .rodata        0x0000000000004fcc      0x35a platform/libplatform_s.a(spu.o)
 *fill*         0x0000000000005326        0x2 
 .rodata.__func__.6
                0x0000000000005328       0x18 platform/libplatform_s.a(spu.o)
 .rodata.__func__.5
                0x0000000000005340       0x16 platform/libplatform_s.a(spu.o)
 *fill*         0x0000000000005356        0x2 
 .rodata.__func__.4
                0x0000000000005358       0x2d platform/libplatform_s.a(spu.o)
 *fill*         0x0000000000005385        0x3 
 .rodata.__func__.3
                0x0000000000005388       0x15 platform/libplatform_s.a(spu.o)
 *fill*         0x000000000000539d        0x3 
 .rodata.__func__.2
                0x00000000000053a0       0x1d platform/libplatform_s.a(spu.o)
 *fill*         0x00000000000053bd        0x3 
 .rodata.__func__.1
                0x00000000000053c0       0x17 platform/libplatform_s.a(spu.o)
 *fill*         0x00000000000053d7        0x1 
 .rodata.__func__.0
                0x00000000000053d8       0x21 platform/libplatform_s.a(spu.o)
 *fill*         0x00000000000053f9        0x3 
 .rodata.ranges
                0x00000000000053fc       0x18 platform/libplatform_s.a(tfm_platform_hal_ioctl.o)
 *libtfm_spm*:*(.rodata*)
 .rodata        0x0000000000005414       0xd3 secure_fw/spm/libtfm_spm.a(target_cfg.o)
 *fill*         0x00000000000054e7        0x1 
 .rodata.memory_regions
                0x00000000000054e8       0x1c secure_fw/spm/libtfm_spm.a(target_cfg.o)
                0x00000000000054e8                memory_regions
 .rodata.__func__.2
                0x0000000000005504       0x18 secure_fw/spm/libtfm_spm.a(target_cfg.o)
 .rodata.__func__.1
                0x000000000000551c       0x18 secure_fw/spm/libtfm_spm.a(target_cfg.o)
 .rodata.__func__.0
                0x0000000000005534       0x16 secure_fw/spm/libtfm_spm.a(target_cfg.o)
 *fill*         0x000000000000554a        0x2 
 .rodata.access_policy_table
                0x000000000000554c        0x8 secure_fw/spm/libtfm_spm.a(tfm_boot_data.o)

.tfm_secure_data_start
                0x0000000020000000        0x0
                0x0000000020000000                . = ABSOLUTE (0x20000000)

.tfm_bl2_shared_data
                0x0000000020000000      0x400
                0x0000000020000400                . = (. + 0x400)
 *fill*         0x0000000020000000      0x400 

.msp_stack      0x0000000020000400      0x7f8
                0x0000000020000bf8                . = (. + (__msp_stack_size__ - 0x8))
 *fill*         0x0000000020000400      0x7f8 
                0x0000000020000400                Image$$ARM_LIB_STACK$$ZI$$Base = ADDR (.msp_stack)
                0x0000000020000bf8                Image$$ARM_LIB_STACK$$ZI$$Limit = (ADDR (.msp_stack) + SIZEOF (.msp_stack))

.msp_stack_seal_res
                0x0000000020000bf8        0x8
                0x0000000020000c00                . = (. + 0x8)
 *fill*         0x0000000020000bf8        0x8 
                0x0000000020000bf8                __StackSeal = ADDR (.msp_stack_seal_res)
                0x0000000000001000                __heap_size__ = 0x1000

.heap           0x0000000020000c00     0x1000
                0x0000000020000c00                __end__ = .
                0x0000000020000c00                PROVIDE (end = .)
                0x0000000020000c00                __HeapBase = .
                0x0000000020001c00                . = (. + __heap_size__)
 *fill*         0x0000000020000c00     0x1000 
                0x0000000020001c00                __HeapLimit = .
                0x0000000020001c00                __heap_limit = .

.TFM_SP_META_PTR
                0x0000000020001c00       0x20
 *(.bss.SP_META_PTR_SPRTL_INST)
 .bss.SP_META_PTR_SPRTL_INST
                0x0000000020001c00        0x4 secure_fw/partitions/lib/runtime/libtfm_sprt.a(sprt_partition_metadata_indicator.o)
                0x0000000020001c00                p_partition_metadata
                0x0000000020001c20                . = ALIGN (0x20)
 *fill*         0x0000000020001c04       0x1c 
                0x0000000020001c00                Image$$TFM_SP_META_PTR$$ZI$$Base = ADDR (.TFM_SP_META_PTR)
                0x0000000020001c20                Image$$TFM_SP_META_PTR$$ZI$$Limit = (ADDR (.TFM_SP_META_PTR) + SIZEOF (.TFM_SP_META_PTR))
                0x0000000020001c20                . = ALIGN (0x20)
                0x0000000020001c20                Image$$TFM_APP_RW_STACK_START$$Base = .

.TFM_APP_ROT_LINKER_DATA
                0x0000000020001c20        0x0 load address 0x0000000000005560
 *tfm_app_rot_partition*:*(.data*)
 *(TFM_*_APP-ROT_ATTR_RW)
                0x0000000020001c20                . = ALIGN (0x4)
                0x0000000020001c20                Image$$TFM_APP_ROT_LINKER_DATA$$RW$$Base = ADDR (.TFM_APP_ROT_LINKER_DATA)
                0x0000000020001c20                Image$$TFM_APP_ROT_LINKER_DATA$$RW$$Limit = (ADDR (.TFM_APP_ROT_LINKER_DATA) + SIZEOF (.TFM_APP_ROT_LINKER_DATA))

.TFM_APP_ROT_LINKER_BSS
                0x0000000020001c20       0x20
                0x0000000020001c20                start_of_TFM_APP_ROT_LINKER = .
 *tfm_app_rot_partition*:*(.bss*)
 *tfm_app_rot_partition*:*(COMMON)
 *(TFM_*_APP-ROT_ATTR_ZI)
                0x0000000020001c24                . = (. + (. - start_of_TFM_APP_ROT_LINKER)?0x0:0x4)
 *fill*         0x0000000020001c20        0x4 
                0x0000000020001c40                . = ALIGN (0x20)
 *fill*         0x0000000020001c24       0x1c 
                0x0000000020001c20                Image$$TFM_APP_ROT_LINKER_DATA$$ZI$$Base = ADDR (.TFM_APP_ROT_LINKER_BSS)
                0x0000000020001c40                Image$$TFM_APP_ROT_LINKER_DATA$$ZI$$Limit = (ADDR (.TFM_APP_ROT_LINKER_BSS) + SIZEOF (.TFM_APP_ROT_LINKER_BSS))
                0x0000000020001c40                Image$$TFM_APP_RW_STACK_END$$Base = .
                0x0000000020001c40                Image$$TFM_PSA_RW_STACK_START$$Base = .

.TFM_PSA_ROT_LINKER_DATA
                0x0000000020001c40        0x0 load address 0x0000000000005560
 *tfm_psa_rot_partition*:*(.data*)
 *(TFM_*_PSA-ROT_ATTR_RW)
                0x0000000020001c40                . = ALIGN (0x4)
                0x0000000020001c40                Image$$TFM_PSA_ROT_LINKER_DATA$$RW$$Base = ADDR (.TFM_PSA_ROT_LINKER_DATA)
                0x0000000020001c40                Image$$TFM_PSA_ROT_LINKER_DATA$$RW$$Limit = (ADDR (.TFM_PSA_ROT_LINKER_DATA) + SIZEOF (.TFM_PSA_ROT_LINKER_DATA))

.TFM_PSA_ROT_LINKER_BSS
                0x0000000020001c40     0x11e0
                0x0000000020001c40                start_of_TFM_PSA_ROT_LINKER = .
 *tfm_psa_rot_partition*:*(.bss*)
 .bss.scratch   0x0000000020001c40      0x408 secure_fw/partitions/crypto/libtfm_psa_rot_partition_crypto.a(crypto_init.o)
 .bss.operations
                0x0000000020002048       0x28 secure_fw/partitions/crypto/libtfm_psa_rot_partition_crypto.a(crypto_alloc.o)
 .bss.mbedtls_version_full
                0x0000000020002070       0x12 secure_fw/partitions/crypto/libtfm_psa_rot_partition_crypto.a(crypto_library.o)
 *fill*         0x0000000020002082        0x2 
 .bss.mbedtls_mem_buf
                0x0000000020002084        0x1 secure_fw/partitions/crypto/libtfm_psa_rot_partition_crypto.a(crypto_library.o)
 *fill*         0x0000000020002085        0x3 
 .bss.tfm_sp_crypto_stack
                0x0000000020002088      0x800 secure_fw/partitions/crypto/libtfm_psa_rot_partition_crypto.a(intermedia_tfm_crypto.o)
                0x0000000020002088                tfm_sp_crypto_stack
 .bss.tfm_sp_platform_stack
                0x0000000020002888      0x500 secure_fw/partitions/platform/libtfm_psa_rot_partition_platform.a(intermedia_tfm_platform.o)
                0x0000000020002888                tfm_sp_platform_stack
 .bss.g_builtin_key_slots
                0x0000000020002d88       0x90 secure_fw/partitions/crypto/libtfm_psa_rot_partition_crypto.a(tfm_builtin_key_loader.o)
 *tfm_psa_rot_partition*:*(COMMON)
 *(TFM_*_PSA-ROT_ATTR_ZI)
                0x0000000020002e18                . = (. + (. - start_of_TFM_PSA_ROT_LINKER)?0x0:0x4)
                0x0000000020002e20                . = ALIGN (0x20)
 *fill*         0x0000000020002e18        0x8 
                0x0000000020001c40                Image$$TFM_PSA_ROT_LINKER_DATA$$ZI$$Base = ADDR (.TFM_PSA_ROT_LINKER_BSS)
                0x0000000020002e20                Image$$TFM_PSA_ROT_LINKER_DATA$$ZI$$Limit = (ADDR (.TFM_PSA_ROT_LINKER_BSS) + SIZEOF (.TFM_PSA_ROT_LINKER_BSS))
                0x0000000020002e20                Image$$TFM_PSA_RW_STACK_END$$Base = .

.TFM_UNPRIV_CODE
                0x0000000000005560     0x4880
 *(SFN)
 SFN            0x0000000000005560       0x98 secure_fw/CMakeFiles/tfm_s.dir/partitions/ns_agent_tz/psa_api_veneers_v80m.o
                0x0000000000005560                __acle_se_tfm_psa_framework_version_veneer
                0x0000000000005582                __acle_se_tfm_psa_version_veneer
                0x00000000000055a4                __acle_se_tfm_psa_call_veneer
                0x00000000000055ca                __acle_se_tfm_psa_connect_veneer
                0x00000000000055e0                __acle_se_tfm_psa_close_veneer
 *(.text*)
 .text          0x00000000000055f8       0x88 c:/ncs/toolchains/c57af46cb7/opt/zephyr-sdk/arm-zephyr-eabi/bin/../lib/gcc/arm-zephyr-eabi/12.2.0/thumb/v8-m.main/nofp/crtbegin.o
 .text          0x0000000000005680       0x7c c:/ncs/toolchains/c57af46cb7/opt/zephyr-sdk/arm-zephyr-eabi/bin/../lib/gcc/arm-zephyr-eabi/12.2.0/../../../../arm-zephyr-eabi/lib/thumb/v8-m.main/nofp/crt0.o
                0x0000000000005680                _stack_init
                0x0000000000005688                _start
                0x0000000000005688                _mainCRTStartup
 .text.clear_caller_context
                0x00000000000056fc        0xa secure_fw/CMakeFiles/tfm_s.dir/partitions/ns_agent_tz/psa_api_veneers_v80m.o
 .text.C_HardFault_Handler
                0x0000000000005706        0xc secure_fw/CMakeFiles/tfm_s.dir/__/platform/ext/common/faults.o
                0x0000000000005706                C_HardFault_Handler
 .text.HardFault_Handler
                0x0000000000005712        0x8 secure_fw/CMakeFiles/tfm_s.dir/__/platform/ext/common/faults.o
                0x0000000000005712                HardFault_Handler
 .text.C_MemManage_Handler
                0x000000000000571a        0xc secure_fw/CMakeFiles/tfm_s.dir/__/platform/ext/common/faults.o
                0x000000000000571a                C_MemManage_Handler
 .text.MemManage_Handler
                0x0000000000005726        0x8 secure_fw/CMakeFiles/tfm_s.dir/__/platform/ext/common/faults.o
                0x0000000000005726                MemManage_Handler
 .text.C_BusFault_Handler
                0x000000000000572e        0xc secure_fw/CMakeFiles/tfm_s.dir/__/platform/ext/common/faults.o
                0x000000000000572e                C_BusFault_Handler
 .text.BusFault_Handler
                0x000000000000573a        0x8 secure_fw/CMakeFiles/tfm_s.dir/__/platform/ext/common/faults.o
                0x000000000000573a                BusFault_Handler
 .text.C_SecureFault_Handler
                0x0000000000005742        0xc secure_fw/CMakeFiles/tfm_s.dir/__/platform/ext/common/faults.o
                0x0000000000005742                C_SecureFault_Handler
 .text.SecureFault_Handler
                0x000000000000574e        0x8 secure_fw/CMakeFiles/tfm_s.dir/__/platform/ext/common/faults.o
                0x000000000000574e                SecureFault_Handler
 .text.C_UsageFault_Handler
                0x0000000000005756        0xc secure_fw/CMakeFiles/tfm_s.dir/__/platform/ext/common/faults.o
                0x0000000000005756                C_UsageFault_Handler
 .text.UsageFault_Handler
                0x0000000000005762        0x8 secure_fw/CMakeFiles/tfm_s.dir/__/platform/ext/common/faults.o
                0x0000000000005762                UsageFault_Handler
 .text._close   0x000000000000576a        0xc secure_fw/CMakeFiles/tfm_s.dir/__/platform/ext/common/syscalls_stub.o
                0x000000000000576a                _close
 .text._fstat   0x0000000000005776        0xc secure_fw/CMakeFiles/tfm_s.dir/__/platform/ext/common/syscalls_stub.o
                0x0000000000005776                _fstat
 .text._getpid  0x0000000000005782        0xc secure_fw/CMakeFiles/tfm_s.dir/__/platform/ext/common/syscalls_stub.o
                0x0000000000005782                _getpid
 .text._isatty  0x000000000000578e        0xc secure_fw/CMakeFiles/tfm_s.dir/__/platform/ext/common/syscalls_stub.o
                0x000000000000578e                _isatty
 .text._kill    0x000000000000579a        0xc secure_fw/CMakeFiles/tfm_s.dir/__/platform/ext/common/syscalls_stub.o
                0x000000000000579a                _kill
 .text._lseek   0x00000000000057a6        0xc secure_fw/CMakeFiles/tfm_s.dir/__/platform/ext/common/syscalls_stub.o
                0x00000000000057a6                _lseek
 .text._read    0x00000000000057b2        0xc secure_fw/CMakeFiles/tfm_s.dir/__/platform/ext/common/syscalls_stub.o
                0x00000000000057b2                _read
 .text._write   0x00000000000057be        0xc secure_fw/CMakeFiles/tfm_s.dir/__/platform/ext/common/syscalls_stub.o
                0x00000000000057be                _write
 .text.memset   0x00000000000057ca       0x90 secure_fw/partitions/lib/runtime/libtfm_sprt.a(crt_memset.o)
                0x00000000000057ca                memset
 *fill*         0x000000000000585a        0x2 
 .text.psa_framework_version
                0x000000000000585c       0x18 secure_fw/partitions/lib/runtime/libtfm_sprt.a(psa_api_ipc.o)
                0x000000000000585c                psa_framework_version
 .text.psa_version
                0x0000000000005874       0x24 secure_fw/partitions/lib/runtime/libtfm_sprt.a(psa_api_ipc.o)
                0x0000000000005874                psa_version
 .text.tfm_psa_call_pack
                0x0000000000005898       0x30 secure_fw/partitions/lib/runtime/libtfm_sprt.a(psa_api_ipc.o)
                0x0000000000005898                tfm_psa_call_pack
 .text.psa_wait
                0x00000000000058c8       0x28 secure_fw/partitions/lib/runtime/libtfm_sprt.a(psa_api_ipc.o)
                0x00000000000058c8                psa_wait
 .text.psa_get  0x00000000000058f0       0x28 secure_fw/partitions/lib/runtime/libtfm_sprt.a(psa_api_ipc.o)
                0x00000000000058f0                psa_get
 .text.psa_read
                0x0000000000005918       0x30 secure_fw/partitions/lib/runtime/libtfm_sprt.a(psa_api_ipc.o)
                0x0000000000005918                psa_read
 .text.psa_write
                0x0000000000005948       0x2c secure_fw/partitions/lib/runtime/libtfm_sprt.a(psa_api_ipc.o)
                0x0000000000005948                psa_write
 .text.psa_reply
                0x0000000000005974       0x24 secure_fw/partitions/lib/runtime/libtfm_sprt.a(psa_api_ipc.o)
                0x0000000000005974                psa_reply
 .text.psa_panic
                0x0000000000005998       0x18 secure_fw/partitions/lib/runtime/libtfm_sprt.a(psa_api_ipc.o)
                0x0000000000005998                psa_panic
 .text.tfm_plat_builtin_key_get_desc_table_ptr
                0x00000000000059b0       0x14 platform/libplatform_crypto_keys.a(crypto_keys.o)
                0x00000000000059b0                tfm_plat_builtin_key_get_desc_table_ptr
 .text.verify_header
                0x00000000000059c4       0x44 secure_fw/partitions/crypto/mbedcrypto/nrf_security_src/libcrypto_service_mbedcrypto.a(memory_buffer_alloc.o)
 .text.verify_chain
                0x0000000000005a08       0x68 secure_fw/partitions/crypto/mbedcrypto/nrf_security_src/libcrypto_service_mbedcrypto.a(memory_buffer_alloc.o)
 .text.buffer_alloc_free
                0x0000000000005a70       0xe8 secure_fw/partitions/crypto/mbedcrypto/nrf_security_src/libcrypto_service_mbedcrypto.a(memory_buffer_alloc.o)
 .text.buffer_alloc_calloc
                0x0000000000005b58      0x10c secure_fw/partitions/crypto/mbedcrypto/nrf_security_src/libcrypto_service_mbedcrypto.a(memory_buffer_alloc.o)
 .text.mbedtls_memory_buffer_alloc_init
                0x0000000000005c64       0x64 secure_fw/partitions/crypto/mbedcrypto/nrf_security_src/libcrypto_service_mbedcrypto.a(memory_buffer_alloc.o)
                0x0000000000005c64                mbedtls_memory_buffer_alloc_init
 .text.platform_calloc_uninit
                0x0000000000005cc8        0x4 secure_fw/partitions/crypto/mbedcrypto/nrf_security_src/libcrypto_service_mbedcrypto.a(platform.o)
 .text.platform_free_uninit
                0x0000000000005ccc        0x4 secure_fw/partitions/crypto/mbedcrypto/nrf_security_src/libcrypto_service_mbedcrypto.a(platform.o)
 .text.mbedtls_free
                0x0000000000005cd0        0xc secure_fw/partitions/crypto/mbedcrypto/nrf_security_src/libcrypto_service_mbedcrypto.a(platform.o)
                0x0000000000005cd0                mbedtls_free
 .text.mbedtls_platform_set_calloc_free
                0x0000000000005cdc       0x1c secure_fw/partitions/crypto/mbedcrypto/nrf_security_src/libcrypto_service_mbedcrypto.a(platform.o)
                0x0000000000005cdc                mbedtls_platform_set_calloc_free
 .text.psa_wipe_key_slot
                0x0000000000005cf8       0x34 secure_fw/partitions/crypto/mbedcrypto/nrf_security_src/libcrypto_service_mbedcrypto.a(psa_crypto.o)
                0x0000000000005cf8                psa_wipe_key_slot
 .text.mbedcrypto__psa_generate_random
                0x0000000000005d2c       0x20 secure_fw/partitions/crypto/mbedcrypto/nrf_security_src/libcrypto_service_mbedcrypto.a(psa_crypto.o)
                0x0000000000005d2c                mbedcrypto__psa_generate_random
 .text.mbedcrypto__psa_crypto_init
                0x0000000000005d4c       0x58 secure_fw/partitions/crypto/mbedcrypto/nrf_security_src/libcrypto_service_mbedcrypto.a(psa_crypto.o)
                0x0000000000005d4c                mbedcrypto__psa_crypto_init
 .text.psa_initialize_key_slots
                0x0000000000005da4       0x18 secure_fw/partitions/crypto/mbedcrypto/nrf_security_src/libcrypto_service_mbedcrypto.a(psa_crypto_slot_management.o)
                0x0000000000005da4                psa_initialize_key_slots
 .text.psa_wipe_all_key_slots
                0x0000000000005dbc       0x2c secure_fw/partitions/crypto/mbedcrypto/nrf_security_src/libcrypto_service_mbedcrypto.a(psa_crypto_slot_management.o)
                0x0000000000005dbc                psa_wipe_all_key_slots
 .text.psa_driver_wrapper_init
                0x0000000000005de8        0x4 secure_fw/partitions/crypto/mbedcrypto/nrf_security_src/libcrypto_service_mbedcrypto.a(psa_crypto_driver_wrappers.o)
                0x0000000000005de8                psa_driver_wrapper_init
 .text.psa_driver_wrapper_free
                0x0000000000005dec        0x4 secure_fw/partitions/crypto/mbedcrypto/nrf_security_src/libcrypto_service_mbedcrypto.a(psa_crypto_driver_wrappers.o)
                0x0000000000005dec                psa_driver_wrapper_free
 .text.psa_driver_wrapper_init_random
                0x0000000000005df0        0x4 secure_fw/partitions/crypto/mbedcrypto/nrf_security_src/libcrypto_service_mbedcrypto.a(psa_crypto_driver_wrappers.o)
                0x0000000000005df0                psa_driver_wrapper_init_random
 .text.psa_driver_wrapper_get_random
                0x0000000000005df4       0x24 secure_fw/partitions/crypto/mbedcrypto/nrf_security_src/libcrypto_service_mbedcrypto.a(psa_crypto_driver_wrappers.o)
                0x0000000000005df4                psa_driver_wrapper_get_random
 .text.psa_driver_wrapper_free_random
                0x0000000000005e18        0x4 secure_fw/partitions/crypto/mbedcrypto/nrf_security_src/libcrypto_service_mbedcrypto.a(psa_crypto_driver_wrappers.o)
                0x0000000000005e18                psa_driver_wrapper_free_random
 .text.memcpy   0x0000000000005e1c       0x8c secure_fw/partitions/lib/runtime/libtfm_sprt.a(crt_memcpy.o)
                0x0000000000005e1c                memcpy
 .text.common_sfn_thread
                0x0000000000005ea8       0xd0 secure_fw/partitions/lib/runtime/libtfm_sprt.a(sfn_common_thread.o)
                0x0000000000005ea8                common_sfn_thread
 .text.nrf_cc3xx_platform_init
                0x0000000000005f78       0x44 C:/ncs/v2.5.0/nrfxlib/crypto/nrf_cc310_platform/lib/cortex-m33/soft-float/no-interrupts/libnrf_cc310_platform_0.9.18.a(nrf_cc3xx_platform.c.obj)
                0x0000000000005f78                nrf_cc3xx_platform_init
 .text.nrf_cc3xx_platform_ctr_drbg_init
                0x0000000000005fbc       0x60 C:/ncs/v2.5.0/nrfxlib/crypto/nrf_cc310_platform/lib/cortex-m33/soft-float/no-interrupts/libnrf_cc310_platform_0.9.18.a(nrf_cc3xx_platform_ctr_drbg.c.obj)
                0x0000000000005fbc                nrf_cc3xx_platform_ctr_drbg_init
 .text.nrf_cc3xx_platform_ctr_drbg_get
                0x000000000000601c       0x44 C:/ncs/v2.5.0/nrfxlib/crypto/nrf_cc310_platform/lib/cortex-m33/soft-float/no-interrupts/libnrf_cc310_platform_0.9.18.a(nrf_cc3xx_platform_ctr_drbg.c.obj)
                0x000000000000601c                nrf_cc3xx_platform_ctr_drbg_get
 .text.mbedtls_zeroize_internal
                0x0000000000006060       0x14 C:/ncs/v2.5.0/nrfxlib/crypto/nrf_cc310_platform/lib/cortex-m33/soft-float/no-interrupts/libnrf_cc310_platform_0.9.18.a(mbedtls_common.c.obj)
                0x0000000000006060                mbedtls_zeroize_internal
 .text.mbedtls_platform_zeroize
                0x0000000000006074       0x14 C:/ncs/v2.5.0/nrfxlib/crypto/nrf_cc310_platform/lib/cortex-m33/soft-float/no-interrupts/libnrf_cc310_platform_0.9.18.a(mbedtls_common.c.obj)
                0x0000000000006074                mbedtls_platform_zeroize
 .text.block_cipher_df
                0x0000000000006088      0x1cc C:/ncs/v2.5.0/nrfxlib/crypto/nrf_cc310_platform/lib/cortex-m33/soft-float/no-interrupts/libnrf_cc310_platform_0.9.18.a(ctr_drbg.c.obj)
 .text.ctr_drbg_update_internal
                0x0000000000006254      0x148 C:/ncs/v2.5.0/nrfxlib/crypto/nrf_cc310_platform/lib/cortex-m33/soft-float/no-interrupts/libnrf_cc310_platform_0.9.18.a(ctr_drbg.c.obj)
 .text.mbedtls_ctr_drbg_reseed_internal
                0x000000000000639c       0xc4 C:/ncs/v2.5.0/nrfxlib/crypto/nrf_cc310_platform/lib/cortex-m33/soft-float/no-interrupts/libnrf_cc310_platform_0.9.18.a(ctr_drbg.c.obj)
 .text.cc_mbedtls_ctr_drbg_init
                0x0000000000006460       0x2c C:/ncs/v2.5.0/nrfxlib/crypto/nrf_cc310_platform/lib/cortex-m33/soft-float/no-interrupts/libnrf_cc310_platform_0.9.18.a(ctr_drbg.c.obj)
                0x0000000000006460                cc_mbedtls_ctr_drbg_init
 .text.cc_mbedtls_ctr_drbg_seed
                0x000000000000648c       0x9c C:/ncs/v2.5.0/nrfxlib/crypto/nrf_cc310_platform/lib/cortex-m33/soft-float/no-interrupts/libnrf_cc310_platform_0.9.18.a(ctr_drbg.c.obj)
                0x000000000000648c                cc_mbedtls_ctr_drbg_seed
 .text.cc_mbedtls_ctr_drbg_random_with_add
                0x0000000000006528      0x1e4 C:/ncs/v2.5.0/nrfxlib/crypto/nrf_cc310_platform/lib/cortex-m33/soft-float/no-interrupts/libnrf_cc310_platform_0.9.18.a(ctr_drbg.c.obj)
                0x0000000000006528                cc_mbedtls_ctr_drbg_random_with_add
 .text.entropy_update
                0x000000000000670c       0x7c C:/ncs/v2.5.0/nrfxlib/crypto/nrf_cc310_platform/lib/cortex-m33/soft-float/no-interrupts/libnrf_cc310_platform_0.9.18.a(entropy.c.obj)
 .text.entropy_gather_internal.part.0
                0x0000000000006788       0x88 C:/ncs/v2.5.0/nrfxlib/crypto/nrf_cc310_platform/lib/cortex-m33/soft-float/no-interrupts/libnrf_cc310_platform_0.9.18.a(entropy.c.obj)
 .text.cc_mbedtls_entropy_init
                0x0000000000006810       0x84 C:/ncs/v2.5.0/nrfxlib/crypto/nrf_cc310_platform/lib/cortex-m33/soft-float/no-interrupts/libnrf_cc310_platform_0.9.18.a(entropy.c.obj)
                0x0000000000006810                cc_mbedtls_entropy_init
 .text.cc_mbedtls_entropy_func
                0x0000000000006894      0x110 C:/ncs/v2.5.0/nrfxlib/crypto/nrf_cc310_platform/lib/cortex-m33/soft-float/no-interrupts/libnrf_cc310_platform_0.9.18.a(entropy.c.obj)
                0x0000000000006894                cc_mbedtls_entropy_func
 .text.RndStartupTest.constprop.0
                0x00000000000069a4       0x98 C:/ncs/v2.5.0/nrfxlib/crypto/nrf_cc310_platform/lib/cortex-m33/soft-float/no-interrupts/libnrf_cc310_platform_0.9.18.a(cc_lib.c.obj)
 .text.CC_LibInit
                0x0000000000006a3c       0xc0 C:/ncs/v2.5.0/nrfxlib/crypto/nrf_cc310_platform/lib/cortex-m33/soft-float/no-interrupts/libnrf_cc310_platform_0.9.18.a(cc_lib.c.obj)
                0x0000000000006a3c                CC_LibInit
 .text.CC_HalInit
                0x0000000000006afc        0x4 C:/ncs/v2.5.0/nrfxlib/crypto/nrf_cc310_platform/lib/cortex-m33/soft-float/no-interrupts/libnrf_cc310_platform_0.9.18.a(cc_hal.c.obj)
                0x0000000000006afc                CC_HalInit
 .text.CC_HalTerminate
                0x0000000000006b00        0x4 C:/ncs/v2.5.0/nrfxlib/crypto/nrf_cc310_platform/lib/cortex-m33/soft-float/no-interrupts/libnrf_cc310_platform_0.9.18.a(cc_hal.c.obj)
                0x0000000000006b00                CC_HalTerminate
 .text.CC_HalClearInterruptBit
                0x0000000000006b04       0x1c C:/ncs/v2.5.0/nrfxlib/crypto/nrf_cc310_platform/lib/cortex-m33/soft-float/no-interrupts/libnrf_cc310_platform_0.9.18.a(cc_hal.c.obj)
                0x0000000000006b04                CC_HalClearInterruptBit
 .text.CC_HalMaskInterrupt
                0x0000000000006b20        0xc C:/ncs/v2.5.0/nrfxlib/crypto/nrf_cc310_platform/lib/cortex-m33/soft-float/no-interrupts/libnrf_cc310_platform_0.9.18.a(cc_hal.c.obj)
                0x0000000000006b20                CC_HalMaskInterrupt
 .text.CC_HalWaitInterrupt
                0x0000000000006b2c        0xc C:/ncs/v2.5.0/nrfxlib/crypto/nrf_cc310_platform/lib/cortex-m33/soft-float/no-interrupts/libnrf_cc310_platform_0.9.18.a(cc_hal.c.obj)
                0x0000000000006b2c                CC_HalWaitInterrupt
 .text.CC_HalWaitInterruptRND
                0x0000000000006b38        0xc C:/ncs/v2.5.0/nrfxlib/crypto/nrf_cc310_platform/lib/cortex-m33/soft-float/no-interrupts/libnrf_cc310_platform_0.9.18.a(cc_hal.c.obj)
                0x0000000000006b38                CC_HalWaitInterruptRND
 .text.CC_PalInit
                0x0000000000006b44       0x5c C:/ncs/v2.5.0/nrfxlib/crypto/nrf_cc310_platform/lib/cortex-m33/soft-float/no-interrupts/libnrf_cc310_platform_0.9.18.a(cc_pal.c.obj)
                0x0000000000006b44                CC_PalInit
 .text.CC_PalTerminate
                0x0000000000006ba0       0x34 C:/ncs/v2.5.0/nrfxlib/crypto/nrf_cc310_platform/lib/cortex-m33/soft-float/no-interrupts/libnrf_cc310_platform_0.9.18.a(cc_pal.c.obj)
                0x0000000000006ba0                CC_PalTerminate
 .text.CC_PalDmaInit
                0x0000000000006bd4        0x4 C:/ncs/v2.5.0/nrfxlib/crypto/nrf_cc310_platform/lib/cortex-m33/soft-float/no-interrupts/libnrf_cc310_platform_0.9.18.a(cc_pal_dma.c.obj)
                0x0000000000006bd4                CC_PalDmaInit
 .text.CC_PalDmaTerminate
                0x0000000000006bd8        0x4 C:/ncs/v2.5.0/nrfxlib/crypto/nrf_cc310_platform/lib/cortex-m33/soft-float/no-interrupts/libnrf_cc310_platform_0.9.18.a(cc_pal_dma.c.obj)
                0x0000000000006bd8                CC_PalDmaTerminate
 .text.CC_PalWaitInterruptRND
                0x0000000000006bdc       0x2c C:/ncs/v2.5.0/nrfxlib/crypto/nrf_cc310_platform/lib/cortex-m33/soft-float/no-interrupts/libnrf_cc310_platform_0.9.18.a(cc_pal_interrupt_ctrl.c.obj)
                0x0000000000006bdc                CC_PalWaitInterruptRND
 .text.CC_PalWaitInterrupt
                0x0000000000006c08       0x18 C:/ncs/v2.5.0/nrfxlib/crypto/nrf_cc310_platform/lib/cortex-m33/soft-float/no-interrupts/libnrf_cc310_platform_0.9.18.a(cc_pal_interrupt_ctrl.c.obj)
                0x0000000000006c08                CC_PalWaitInterrupt
 .text.CC_PalMemCopyPlat
                0x0000000000006c20        0x4 C:/ncs/v2.5.0/nrfxlib/crypto/nrf_cc310_platform/lib/cortex-m33/soft-float/no-interrupts/libnrf_cc310_platform_0.9.18.a(cc_pal_mem.c.obj)
                0x0000000000006c20                CC_PalMemCopyPlat
 .text.CC_PalMemSetPlat
                0x0000000000006c24        0x4 C:/ncs/v2.5.0/nrfxlib/crypto/nrf_cc310_platform/lib/cortex-m33/soft-float/no-interrupts/libnrf_cc310_platform_0.9.18.a(cc_pal_mem.c.obj)
                0x0000000000006c24                CC_PalMemSetPlat
 .text.CC_PalMemSetZeroPlat
                0x0000000000006c28        0x8 C:/ncs/v2.5.0/nrfxlib/crypto/nrf_cc310_platform/lib/cortex-m33/soft-float/no-interrupts/libnrf_cc310_platform_0.9.18.a(cc_pal_mem.c.obj)
                0x0000000000006c28                CC_PalMemSetZeroPlat
 .text.CC_PalMutexCreate
                0x0000000000006c30       0x14 C:/ncs/v2.5.0/nrfxlib/crypto/nrf_cc310_platform/lib/cortex-m33/soft-float/no-interrupts/libnrf_cc310_platform_0.9.18.a(cc_pal_mutex.c.obj)
                0x0000000000006c30                CC_PalMutexCreate
 .text.CC_PalMutexDestroy
                0x0000000000006c44       0x14 C:/ncs/v2.5.0/nrfxlib/crypto/nrf_cc310_platform/lib/cortex-m33/soft-float/no-interrupts/libnrf_cc310_platform_0.9.18.a(cc_pal_mutex.c.obj)
                0x0000000000006c44                CC_PalMutexDestroy
 .text.CC_PalMutexLock
                0x0000000000006c58       0x10 C:/ncs/v2.5.0/nrfxlib/crypto/nrf_cc310_platform/lib/cortex-m33/soft-float/no-interrupts/libnrf_cc310_platform_0.9.18.a(cc_pal_mutex.c.obj)
                0x0000000000006c58                CC_PalMutexLock
 .text.CC_PalMutexUnlock
                0x0000000000006c68       0x14 C:/ncs/v2.5.0/nrfxlib/crypto/nrf_cc310_platform/lib/cortex-m33/soft-float/no-interrupts/libnrf_cc310_platform_0.9.18.a(cc_pal_mutex.c.obj)
                0x0000000000006c68                CC_PalMutexUnlock
 .text.CC_PalPowerSaveModeInit
                0x0000000000006c7c       0x3c C:/ncs/v2.5.0/nrfxlib/crypto/nrf_cc310_platform/lib/cortex-m33/soft-float/no-interrupts/libnrf_cc310_platform_0.9.18.a(cc_pal_pm.c.obj)
                0x0000000000006c7c                CC_PalPowerSaveModeInit
 .text.CC_PalPowerSaveModeSelect
                0x0000000000006cb8       0x84 C:/ncs/v2.5.0/nrfxlib/crypto/nrf_cc310_platform/lib/cortex-m33/soft-float/no-interrupts/libnrf_cc310_platform_0.9.18.a(cc_pal_pm.c.obj)
                0x0000000000006cb8                CC_PalPowerSaveModeSelect
 .text.mutex_init
                0x0000000000006d3c        0xc C:/ncs/v2.5.0/nrfxlib/crypto/nrf_cc310_platform/lib/cortex-m33/soft-float/no-interrupts/libnrf_cc310_platform_0.9.18.a(threading_alt.c.obj)
                0x0000000000006d3c                mutex_init
 .text.mutex_lock
                0x0000000000006d48        0xc C:/ncs/v2.5.0/nrfxlib/crypto/nrf_cc310_platform/lib/cortex-m33/soft-float/no-interrupts/libnrf_cc310_platform_0.9.18.a(threading_alt.c.obj)
                0x0000000000006d48                mutex_lock
 .text.mutex_unlock
                0x0000000000006d54        0xc C:/ncs/v2.5.0/nrfxlib/crypto/nrf_cc310_platform/lib/cortex-m33/soft-float/no-interrupts/libnrf_cc310_platform_0.9.18.a(threading_alt.c.obj)
                0x0000000000006d54                mutex_unlock
 .text.nrf_cc3xx_platform_abort
                0x0000000000006d60       0x24 C:/ncs/v2.5.0/nrfxlib/crypto/nrf_cc310_platform/lib/cortex-m33/soft-float/no-interrupts/libnrf_cc310_platform_0.9.18.a(nrf_cc3xx_platform_abort.c.obj)
 .text.CC_PalAbort
                0x0000000000006d84       0x34 C:/ncs/v2.5.0/nrfxlib/crypto/nrf_cc310_platform/lib/cortex-m33/soft-float/no-interrupts/libnrf_cc310_platform_0.9.18.a(nrf_cc3xx_platform_abort.c.obj)
                0x0000000000006d84                CC_PalAbort
 .text.mutex_free
                0x0000000000006db8       0x34 C:/ncs/v2.5.0/nrfxlib/crypto/nrf_cc310_platform/lib/cortex-m33/soft-float/no-interrupts/libnrf_cc310_platform_0.9.18.a(nrf_cc3xx_platform_mutex.c.obj)
 .text.mutex_lock
                0x0000000000006dec       0x48 C:/ncs/v2.5.0/nrfxlib/crypto/nrf_cc310_platform/lib/cortex-m33/soft-float/no-interrupts/libnrf_cc310_platform_0.9.18.a(nrf_cc3xx_platform_mutex.c.obj)
 .text.mutex_unlock
                0x0000000000006e34       0x38 C:/ncs/v2.5.0/nrfxlib/crypto/nrf_cc310_platform/lib/cortex-m33/soft-float/no-interrupts/libnrf_cc310_platform_0.9.18.a(nrf_cc3xx_platform_mutex.c.obj)
 .text.mutex_init
                0x0000000000006e6c       0x20 C:/ncs/v2.5.0/nrfxlib/crypto/nrf_cc310_platform/lib/cortex-m33/soft-float/no-interrupts/libnrf_cc310_platform_0.9.18.a(nrf_cc3xx_platform_mutex.c.obj)
 .text.startTrngHW
                0x0000000000006e8c      0x140 C:/ncs/v2.5.0/nrfxlib/crypto/nrf_cc310_platform/lib/cortex-m33/soft-float/no-interrupts/libnrf_cc310_platform_0.9.18.a(llf_rnd_trng90b.c.obj)
 .text.LLF_RND_RepetitionCounterTest
                0x0000000000006fcc       0x64 C:/ncs/v2.5.0/nrfxlib/crypto/nrf_cc310_platform/lib/cortex-m33/soft-float/no-interrupts/libnrf_cc310_platform_0.9.18.a(llf_rnd_trng90b.c.obj)
                0x0000000000006fcc                LLF_RND_RepetitionCounterTest
 .text.LLF_RND_AdaptiveProportionTest
                0x0000000000007030       0x80 C:/ncs/v2.5.0/nrfxlib/crypto/nrf_cc310_platform/lib/cortex-m33/soft-float/no-interrupts/libnrf_cc310_platform_0.9.18.a(llf_rnd_trng90b.c.obj)
                0x0000000000007030                LLF_RND_AdaptiveProportionTest
 .text.getTrngSource
                0x00000000000070b0      0x2b4 C:/ncs/v2.5.0/nrfxlib/crypto/nrf_cc310_platform/lib/cortex-m33/soft-float/no-interrupts/libnrf_cc310_platform_0.9.18.a(llf_rnd_trng90b.c.obj)
 .text.LLF_RND_GetTrngSource
                0x0000000000007364       0x18 C:/ncs/v2.5.0/nrfxlib/crypto/nrf_cc310_platform/lib/cortex-m33/soft-float/no-interrupts/libnrf_cc310_platform_0.9.18.a(llf_rnd_trng90b.c.obj)
                0x0000000000007364                LLF_RND_GetTrngSource
 .text.LLF_RND_RunTrngStartupTest
                0x000000000000737c       0x1c C:/ncs/v2.5.0/nrfxlib/crypto/nrf_cc310_platform/lib/cortex-m33/soft-float/no-interrupts/libnrf_cc310_platform_0.9.18.a(llf_rnd_trng90b.c.obj)
                0x000000000000737c                LLF_RND_RunTrngStartupTest
 .text.mbedtls_hardware_poll
                0x0000000000007398       0xfc C:/ncs/v2.5.0/nrfxlib/crypto/nrf_cc310_platform/lib/cortex-m33/soft-float/no-interrupts/libnrf_cc310_platform_0.9.18.a(trng_api.c.obj)
                0x0000000000007398                mbedtls_hardware_poll
 .text.cc_mbedtls_aes_init
                0x0000000000007494       0x20 C:/ncs/v2.5.0/nrfxlib/crypto/nrf_cc310_platform/lib/cortex-m33/soft-float/no-interrupts/libnrf_cc310_platform_0.9.18.a(aes_alt.c.obj)
                0x0000000000007494                cc_mbedtls_aes_init
 .text.cc_mbedtls_aes_free
                0x00000000000074b4        0xc C:/ncs/v2.5.0/nrfxlib/crypto/nrf_cc310_platform/lib/cortex-m33/soft-float/no-interrupts/libnrf_cc310_platform_0.9.18.a(aes_alt.c.obj)
                0x00000000000074b4                cc_mbedtls_aes_free
 .text.cc_mbedtls_aes_setkey_enc
                0x00000000000074c0       0x34 C:/ncs/v2.5.0/nrfxlib/crypto/nrf_cc310_platform/lib/cortex-m33/soft-float/no-interrupts/libnrf_cc310_platform_0.9.18.a(aes_alt.c.obj)
                0x00000000000074c0                cc_mbedtls_aes_setkey_enc
 .text.cc_mbedtls_aes_crypt_ecb
                0x00000000000074f4       0x50 C:/ncs/v2.5.0/nrfxlib/crypto/nrf_cc310_platform/lib/cortex-m33/soft-float/no-interrupts/libnrf_cc310_platform_0.9.18.a(aes_alt.c.obj)
                0x00000000000074f4                cc_mbedtls_aes_crypt_ecb
 .text.cc_mbedtls_sha256_init
                0x0000000000007544       0x28 C:/ncs/v2.5.0/nrfxlib/crypto/nrf_cc310_platform/lib/cortex-m33/soft-float/no-interrupts/libnrf_cc310_platform_0.9.18.a(sha256_alt.c.obj)
                0x0000000000007544                cc_mbedtls_sha256_init
 .text.cc_mbedtls_sha256_free
                0x000000000000756c        0xc C:/ncs/v2.5.0/nrfxlib/crypto/nrf_cc310_platform/lib/cortex-m33/soft-float/no-interrupts/libnrf_cc310_platform_0.9.18.a(sha256_alt.c.obj)
                0x000000000000756c                cc_mbedtls_sha256_free
 .text.cc_mbedtls_sha256_starts
                0x0000000000007578       0x28 C:/ncs/v2.5.0/nrfxlib/crypto/nrf_cc310_platform/lib/cortex-m33/soft-float/no-interrupts/libnrf_cc310_platform_0.9.18.a(sha256_alt.c.obj)
                0x0000000000007578                cc_mbedtls_sha256_starts
 .text.cc_mbedtls_sha256_update
                0x00000000000075a0       0x54 C:/ncs/v2.5.0/nrfxlib/crypto/nrf_cc310_platform/lib/cortex-m33/soft-float/no-interrupts/libnrf_cc310_platform_0.9.18.a(sha256_alt.c.obj)
                0x00000000000075a0                cc_mbedtls_sha256_update
 .text.cc_mbedtls_sha256_finish
                0x00000000000075f4       0x48 C:/ncs/v2.5.0/nrfxlib/crypto/nrf_cc310_platform/lib/cortex-m33/soft-float/no-interrupts/libnrf_cc310_platform_0.9.18.a(sha256_alt.c.obj)
                0x00000000000075f4                cc_mbedtls_sha256_finish
 .text.mbedtls_sha_starts_internal
                0x000000000000763c       0x28 C:/ncs/v2.5.0/nrfxlib/crypto/nrf_cc310_platform/lib/cortex-m33/soft-float/no-interrupts/libnrf_cc310_platform_0.9.18.a(mbedtls_hash_common.c.obj)
                0x000000000000763c                mbedtls_sha_starts_internal
 .text.mbedtls_sha_finish_internal
                0x0000000000007664       0x5c C:/ncs/v2.5.0/nrfxlib/crypto/nrf_cc310_platform/lib/cortex-m33/soft-float/no-interrupts/libnrf_cc310_platform_0.9.18.a(mbedtls_hash_common.c.obj)
                0x0000000000007664                mbedtls_sha_finish_internal
 .text.mbedtls_sha_update_internal
                0x00000000000076c0      0x1ec C:/ncs/v2.5.0/nrfxlib/crypto/nrf_cc310_platform/lib/cortex-m33/soft-float/no-interrupts/libnrf_cc310_platform_0.9.18.a(mbedtls_hash_common.c.obj)
                0x00000000000076c0                mbedtls_sha_update_internal
 .text.cc_mbedtls_sha256
                0x00000000000078ac       0x50 C:/ncs/v2.5.0/nrfxlib/crypto/nrf_cc310_platform/lib/cortex-m33/soft-float/no-interrupts/libnrf_cc310_platform_0.9.18.a(sha256.c.obj)
                0x00000000000078ac                cc_mbedtls_sha256
 .text.RNG_PLAT_SetUserRngParameters
                0x00000000000078fc       0x74 C:/ncs/v2.5.0/nrfxlib/crypto/nrf_cc310_platform/lib/cortex-m33/soft-float/no-interrupts/libnrf_cc310_platform_0.9.18.a(cc_rng_plat.c.obj)
                0x00000000000078fc                RNG_PLAT_SetUserRngParameters
 .text.CC_PalTrngParamGet
                0x0000000000007970      0x114 C:/ncs/v2.5.0/nrfxlib/crypto/nrf_cc310_platform/lib/cortex-m33/soft-float/no-interrupts/libnrf_cc310_platform_0.9.18.a(cc_pal_trng.c.obj)
                0x0000000000007970                CC_PalTrngParamGet
 .text.LLF_RND_WaitRngInterrupt
                0x0000000000007a84       0x20 C:/ncs/v2.5.0/nrfxlib/crypto/nrf_cc310_platform/lib/cortex-m33/soft-float/no-interrupts/libnrf_cc310_platform_0.9.18.a(llf_rnd.c.obj)
                0x0000000000007a84                LLF_RND_WaitRngInterrupt
 .text.LLF_RND_GetRoscSampleCnt
                0x0000000000007aa4       0x34 C:/ncs/v2.5.0/nrfxlib/crypto/nrf_cc310_platform/lib/cortex-m33/soft-float/no-interrupts/libnrf_cc310_platform_0.9.18.a(llf_rnd.c.obj)
                0x0000000000007aa4                LLF_RND_GetRoscSampleCnt
 .text.LLF_RND_GetFastestRosc
                0x0000000000007ad8       0x20 C:/ncs/v2.5.0/nrfxlib/crypto/nrf_cc310_platform/lib/cortex-m33/soft-float/no-interrupts/libnrf_cc310_platform_0.9.18.a(llf_rnd.c.obj)
                0x0000000000007ad8                LLF_RND_GetFastestRosc
 .text.LLF_RND_TurnOffTrng
                0x0000000000007af8       0x18 C:/ncs/v2.5.0/nrfxlib/crypto/nrf_cc310_platform/lib/cortex-m33/soft-float/no-interrupts/libnrf_cc310_platform_0.9.18.a(llf_rnd.c.obj)